[    0.000000][    T0] Booting Linux on physical CPU 0x0000000000 [0x410fd463]
[    0.000000][    T0] Linux version 5.10.236-android12-9-00003-gfb24cf99ad97-ab14313284 (build-user@build-host) (Android (7284624, based on r416183b) clang version 12.0.5 (https://android.googlesource.com/toolchain/llvm-project c935d99d7cf2016289302412d708641d52d2f7ee), LLD 12.0.5 (/buildbot/src/android/llvm-toolchain/out/llvm-project/lld c935d99d7cf2016289302412d708641d52d2f7ee)) #1 SMP PREEMPT Tue Oct 21 03:03:12 UTC 2025
[    0.000000][    T0] random: crng init done
[    0.000000][    T0] Machine model: Liuqin based on Qualcomm Technologies, Inc SM8475
[    0.000000][    T0] Stack Depot is disabled
[    0.000000][    T0] KVM is not available. Ignoring kvm-arm.mode
[    0.000000][    T0] efi: UEFI not found.
[    0.000000][    T0] Reserved memory: created CMA memory pool at 0x00000000ff000000, size 12 MiB
[    0.000000][    T0] OF: reserved mem: initialized node adsp_heap_region, compatible id shared-dma-pool
[    0.000000][    T0] Reserved memory: created CMA memory pool at 0x00000000fd000000, size 32 MiB
[    0.000000][    T0] OF: reserved mem: initialized node linux,cma, compatible id shared-dma-pool
[    0.000000][    T0] Reserved memory: created CMA memory pool at 0x00000000fac00000, size 36 MiB
[    0.000000][    T0] OF: reserved mem: initialized node qseecom_region, compatible id shared-dma-pool
[    0.000000][    T0] Reserved memory: created CMA memory pool at 0x00000000d5c00000, size 164 MiB
[    0.000000][    T0] OF: reserved mem: initialized node non_secure_display_region, compatible id shared-dma-pool
[    0.000000][    T0] Reserved memory: created CMA memory pool at 0x00000000f9c00000, size 16 MiB
[    0.000000][    T0] OF: reserved mem: initialized node sp_region, compatible id shared-dma-pool
[    0.000000][    T0] Reserved memory: created CMA memory pool at 0x00000000f7c00000, size 32 MiB
[    0.000000][    T0] OF: reserved mem: initialized node qseecom_ta_region, compatible id shared-dma-pool
[    0.000000][    T0] Reserved memory: created CMA memory pool at 0x000000097d000000, size 48 MiB
[    0.000000][    T0] OF: reserved mem: initialized node mem_dump_region, compatible id shared-dma-pool
[    0.000000][    T0] Reserved memory: created CMA memory pool at 0x00000000f5c00000, size 32 MiB
[    0.000000][    T0] OF: reserved mem: initialized node cnss_wlan_region, compatible id shared-dma-pool
[    0.000000][    T0] Reserved memory: created CMA memory pool at 0x00000000f4c00000, size 16 MiB
[    0.000000][    T0] OF: reserved mem: initialized node user_contig_region, compatible id shared-dma-pool
[    0.000000][    T0] Reserved memory: created CMA memory pool at 0x00000000f3000000, size 28 MiB
[    0.000000][    T0] OF: reserved mem: initialized node audio_cma_region, compatible id shared-dma-pool
[    0.000000][    T0] Reserved memory: created CMA memory pool at 0x000000097a800000, size 40 MiB
[    0.000000][    T0] OF: reserved mem: initialized node demura_heap_region, compatible id shared-dma-pool
[    0.000000][    T0] Reserved memory: created CMA memory pool at 0x00000000f2c00000, size 4 MiB
[    0.000000][    T0] OF: reserved mem: initialized node cdsp_eva_region, compatible id shared-dma-pool
[    0.000000][    T0] Reserved memory: created CMA memory pool at 0x0000000979800000, size 16 MiB
[    0.000000][    T0] OF: reserved mem: initialized node va_md_mem_region, compatible id shared-dma-pool
[    0.000000][    T0] Reserved memory: created CMA memory pool at 0x00000000f2400000, size 8 MiB
[    0.000000][    T0] OF: reserved mem: initialized node sdsp_region, compatible id shared-dma-pool
[    0.000000][    T0] Zone ranges:
[    0.000000][    T0]   DMA32    empty
[    0.000000][    T0]   Normal   [mem 0x0000000080000000-0x000000097fffffff]
[    0.000000][    T0] Movable zone start for each node
[    0.000000][    T0] Early memory node ranges
[    0.000000][    T0]   node   0: [mem 0x0000000080000000-0x000000008063ffff]
[    0.000000][    T0]   node   0: [mem 0x0000000080640000-0x00000000807fffff]
[    0.000000][    T0]   node   0: [mem 0x0000000080800000-0x00000000808f3fff]
[    0.000000][    T0]   node   0: [mem 0x00000000808f4000-0x00000000808fffff]
[    0.000000][    T0]   node   0: [mem 0x0000000080900000-0x00000000851fffff]
[    0.000000][    T0]   node   0: [mem 0x0000000085200000-0x00000000856fffff]
[    0.000000][    T0]   node   0: [mem 0x0000000085700000-0x0000000085dfffff]
[    0.000000][    T0]   node   0: [mem 0x0000000085e00000-0x0000000087ffffff]
[    0.000000][    T0]   node   0: [mem 0x0000000088000000-0x000000008b91bfff]
[    0.000000][    T0]   node   0: [mem 0x000000008b91c000-0x000000008b9fffff]
[    0.000000][    T0]   node   0: [mem 0x000000008ba00000-0x000000008bbfffff]
[    0.000000][    T0]   node   0: [mem 0x000000008bc00000-0x000000009edfffff]
[    0.000000][    T0]   node   0: [mem 0x000000009ee00000-0x00000000a2dfffff]
[    0.000000][    T0]   node   0: [mem 0x00000000a2e00000-0x00000000a6b7ffff]
[    0.000000][    T0]   node   0: [mem 0x00000000a6b80000-0x00000000a6e3ffff]
[    0.000000][    T0]   node   0: [mem 0x00000000a6e40000-0x00000000a6efffff]
[    0.000000][    T0]   node   0: [mem 0x00000000a6f00000-0x00000000a6ffffff]
[    0.000000][    T0]   node   0: [mem 0x00000000a7000000-0x00000000dfffffff]
[    0.000000][    T0]   node   0: [mem 0x00000000e0000000-0x00000000e0afffff]
[    0.000000][    T0]   node   0: [mem 0x00000000e0b00000-0x00000000e55f2fff]
[    0.000000][    T0]   node   0: [mem 0x00000000e55f3000-0x00000000e56fffff]
[    0.000000][    T0]   node   0: [mem 0x00000000e5700000-0x00000000e87fffff]
[    0.000000][    T0]   node   0: [mem 0x00000000e8800000-0x00000000e9ffffff]
[    0.000000][    T0]   node   0: [mem 0x00000000f1400000-0x00000000ffffffff]
[    0.000000][    T0]   node   0: [mem 0x0000000800000000-0x00000008396fffff]
[    0.000000][    T0]   node   0: [mem 0x0000000839d00000-0x000000083bafffff]
[    0.000000][    T0]   node   0: [mem 0x0000000840000000-0x000000097fffffff]
[    0.000000][    T0] Initmem setup node 0 [mem 0x0000000080000000-0x000000097fffffff]
[    0.000000][    T0] On node 0 totalpages: 2048256
[    0.000000][    T0]   Normal zone: 32004 pages used for memmap
[    0.000000][    T0]   Normal zone: 2048256 pages, LIFO batch:63
[    0.000000][    T0] On node 0, zone Normal: 256 pages in unavailable ranges
[    0.000000][    T0] On node 0, zone Normal: 256 pages in unavailable ranges
[    0.000000][    T0] psci: probing for conduit method from DT.
[    0.000000][    T0] psci: PSCIv1.1 detected in firmware.
[    0.000000][    T0] psci: Using standard PSCI v0.2 function IDs
[    0.000000][    T0] psci: MIGRATE_INFO_TYPE not supported.
[    0.000000][    T0] psci: SMC Calling Convention v1.0
[    0.000000][    T0] psci: OSI mode supported.
[    0.000000][    T0] Load bootconfig: 1156 bytes 75 nodes
[    0.000000][    T0] percpu: Embedded 33 pages/cpu s96280 r8192 d30696 u135168
[    0.000000][    T0] pcpu-alloc: s96280 r8192 d30696 u135168 alloc=33*4096
[    0.000000][    T0] pcpu-alloc: [0] 0 [0] 1 [0] 2 [0] 3 [0] 4 [0] 5 [0] 6 [0] 7 
[    0.000000][    T0] Detected PIPT I-cache on CPU0
[    0.000000][    T0] CPU features: SYS_ID_AA64MMFR1_EL1[11:8]: forced to 0
[    0.000000][    T0] CPU features: detected: GIC system register CPU interface
[    0.000000][    T0] CPU features: kernel page table isolation forced OFF by kpti command line option
[    0.000000][    T0] CPU features: detected: Hardware dirty bit management
[    0.000000][    T0] CPU features: detected: Spectre-v4
[    0.000000][    T0] CPU features: detected: Address authentication (architected algorithm)
[    0.000000][    T0] CPU features: detected: Branch Target Identification
[    0.000000][    T0] CPU features: detected: ARM erratum 2457168
[    0.000000][    T0] alternatives: patching kernel code
[    0.000000][    T0] Built 1 zonelists, mobility grouping on.  Total pages: 2016252
[    0.000000][    T0] cgroup: Disabling pressure control group feature
[    0.000000][    T0] printk: log_buf_len: 2097152 bytes
[    0.000000][    T0] printk: early log buf free: 123264(94%)
[    0.000000][    T0] Dentry cache hash table entries: 1048576 (order: 11, 8388608 bytes, linear)
[    0.000000][    T0] Inode-cache hash table entries: 524288 (order: 10, 4194304 bytes, linear)
[    0.000000][    T0] mem auto-init: stack:all(zero), heap alloc:on, heap free:off
[    0.000000][    T0] software IO TLB: mapped [mem 0x00000000ffffe000-0x00000000ffffe800] (0MB)
[    0.000000][    T0] Memory: 7150392K/8193024K available (26752K kernel code, 2086K rwdata, 10532K rodata, 3072K init, 991K bss, 547016K reserved, 495616K cma-reserved)
[    0.000000][    T0] SLUB: HWalign=64, Order=0-3, MinObjects=0, CPUs=8, Nodes=1
[    0.000000][    T0] rcu: Preemptible hierarchical RCU implementation.
[    0.000000][    T0] rcu: 	RCU event tracing is enabled.
[    0.000000][    T0] rcu: 	RCU dyntick-idle grace-period acceleration is enabled.
[    0.000000][    T0] rcu: 	RCU restricting CPUs from NR_CPUS=32 to nr_cpu_ids=8.
[    0.000000][    T0] rcu: 	RCU priority boosting: priority 1 delay 500 ms.
[    0.000000][    T0] 	All grace periods are expedited (rcu_expedited).
[    0.000000][    T0] 	Trampoline variant of Tasks RCU enabled.
[    0.000000][    T0] 	Tracing variant of Tasks RCU enabled.
[    0.000000][    T0] rcu: RCU calculated value of scheduler-enlistment delay is 25 jiffies.
[    0.000000][    T0] rcu: Adjusting geometry for rcu_fanout_leaf=16, nr_cpu_ids=8
[    0.000000][    T0] NR_IRQS: 64, nr_irqs: 64, preallocated irqs: 0
[    0.000000][    T0] GICv3: 988 SPIs implemented
[    0.000000][    T0] GICv3: 0 Extended SPIs implemented
[    0.000000][    T0] GICv3: Distributor has no Range Selector support
[    0.000000][    T0] GICv3: 16 PPIs implemented
[    0.000000][    T0] GICv3: Enabling SGIs without active state
[    0.000000][    T0] GICv3: CPU0: found redistributor 0 region 0:0x0000000017180000
[    0.000000][    T0] ITS [mem 0x17140000-0x1715ffff]
[    0.000000][    T0] ITS@0x0000000017140000: Devices Table too large, reduce ids 32->19
[    0.000000][    T0] ITS@0x0000000017140000: Devices too large, reduce ITS pages 1024->256
[    0.000000][    T0] ITS@0x0000000017140000: allocated 131072 Devices @839e00000 (indirect, esz 8, psz 4K, shr 1)
[    0.000000][    T0] ITS@0x0000000017140000: allocated 4096 Interrupt Collections @839dc8000 (flat, esz 1, psz 4K, shr 1)
[    0.000000][    T0] GICv3: using LPI property table @0x0000000839de0000
[    0.000000][    T0] GICv3: CPU0: using allocated LPI pending table @0x0000000839df0000
[    0.000000][    T0] rcu: 	Offload RCU callbacks from CPUs: 0-7.
[    0.000000][    T0] kfence: initialized - using 524288 bytes for 63 objects at 0x(____ptrval____)-0x(____ptrval____)
[    0.000000][    T0] arch_timer: cp15 and mmio timer(s) running at 19.20MHz (virt/virt).
[    0.000000][    T0] clocksource: arch_sys_counter: mask: 0xffffffffffffff max_cycles: 0x46d987e47, max_idle_ns: 440795202767 ns
[    0.000003][    T0] sched_clock: 56 bits at 19MHz, resolution 52ns, wraps every 4398046511078ns
[    0.004880][    T0] Calibrating delay loop (skipped), value calculated using timer frequency.. 38.40 BogoMIPS (lpj=76800)
[    0.004891][    T0] pid_max: default: 32768 minimum: 301
[    0.004971][    T0] LSM: Security Framework initializing
[    0.005004][    T0] SELinux:  Initializing.
[    0.005099][    T0] Mount-cache hash table entries: 16384 (order: 5, 131072 bytes, linear)
[    0.005109][    T0] Mountpoint-cache hash table entries: 16384 (order: 5, 131072 bytes, linear)
[    0.006583][    T1] rcu: Hierarchical SRCU implementation.
[    0.007181][    T1] Platform MSI: msi-controller@17140000 domain created
[    0.007962][    T1] PCI/MSI: /soc/interrupt-controller@17100000/msi-controller@17140000 domain created
[    0.008656][    T1] EFI services will not be available.
[    0.008942][    T1] smp: Bringing up secondary CPUs ...
[    0.009893][    T0] Detected PIPT I-cache on CPU1
[    0.009910][    T0] GICv3: CPU1: found redistributor 100 region 0:0x00000000171c0000
[    0.009983][    T0] GICv3: CPU1: using allocated LPI pending table @0x0000000839f00000
[    0.010066][    T0] CPU1: Booted secondary processor 0x0000000100 [0x410fd463]
[    0.011089][    T0] Detected PIPT I-cache on CPU2
[    0.011103][    T0] GICv3: CPU2: found redistributor 200 region 0:0x0000000017200000
[    0.011162][    T0] GICv3: CPU2: using allocated LPI pending table @0x0000000839f10000
[    0.011236][    T0] CPU2: Booted secondary processor 0x0000000200 [0x410fd463]
[    0.012194][    T0] Detected PIPT I-cache on CPU3
[    0.012209][    T0] GICv3: CPU3: found redistributor 300 region 0:0x0000000017240000
[    0.012271][    T0] GICv3: CPU3: using allocated LPI pending table @0x0000000839f20000
[    0.012345][    T0] CPU3: Booted secondary processor 0x0000000300 [0x410fd463]
[    0.015644][    T0] CPU features: detected: ARM erratum 2067961 or 2054223
[    0.015646][    T0] CPU features: detected: Spectre-BHB
[    0.015647][    T0] CPU features: detected: SSBS not fully self-synchronizing
[    0.015653][    T0] Detected PIPT I-cache on CPU4
[    0.015656][    T0] CPU features: SANITY CHECK: Unexpected variation in SYS_ID_AA64MMFR1_EL1. Boot CPU: 0x00000011212122, CPU4: 0x00000010212122
[    0.015664][    T0] CPU features: Unsupported CPU feature variation detected.
[    0.015670][    T0] GICv3: CPU4: found redistributor 400 region 0:0x0000000017280000
[    0.015702][    T0] GICv3: CPU4: using allocated LPI pending table @0x0000000839f30000
[    0.015757][    T0] CPU4: Booted secondary processor 0x0000000400 [0x412fd470]
[    0.016698][    T0] Detected PIPT I-cache on CPU5
[    0.016701][    T0] CPU features: SANITY CHECK: Unexpected variation in SYS_ID_AA64MMFR1_EL1. Boot CPU: 0x00000011212122, CPU5: 0x00000010212122
[    0.016711][    T0] GICv3: CPU5: found redistributor 500 region 0:0x00000000172c0000
[    0.016746][    T0] GICv3: CPU5: using allocated LPI pending table @0x0000000839f40000
[    0.016801][    T0] CPU5: Booted secondary processor 0x0000000500 [0x412fd470]
[    0.017762][    T0] Detected PIPT I-cache on CPU6
[    0.017765][    T0] CPU features: SANITY CHECK: Unexpected variation in SYS_ID_AA64MMFR1_EL1. Boot CPU: 0x00000011212122, CPU6: 0x00000010212122
[    0.017774][    T0] GICv3: CPU6: found redistributor 600 region 0:0x0000000017300000
[    0.017808][    T0] GICv3: CPU6: using allocated LPI pending table @0x0000000839f50000
[    0.017863][    T0] CPU6: Booted secondary processor 0x0000000600 [0x412fd470]
[    0.021158][    T0] Detected PIPT I-cache on CPU7
[    0.021162][    T0] CPU features: SANITY CHECK: Unexpected variation in SYS_ID_AA64MMFR1_EL1. Boot CPU: 0x00000011212122, CPU7: 0x00000010212122
[    0.021169][    T0] GICv3: CPU7: found redistributor 700 region 0:0x0000000017340000
[    0.021200][    T0] GICv3: CPU7: using allocated LPI pending table @0x0000000839f60000
[    0.021250][    T0] CPU7: Booted secondary processor 0x0000000700 [0x412fd480]
[    0.021299][    T1] smp: Brought up 1 node, 8 CPUs
[    0.021323][    T1] SMP: Total of 8 processors activated.
[    0.021326][    T1] CPU features: detected: Privileged Access Never
[    0.021329][    T1] CPU features: detected: LSE atomic instructions
[    0.021331][    T1] CPU features: detected: User Access Override
[    0.021334][    T1] CPU features: detected: Common not Private translations
[    0.021338][    T1] CPU features: detected: Data cache clean to the PoU not required for I/D coherence
[    0.021341][    T1] CPU features: detected: Stage-2 Force Write-Back
[    0.021343][    T1] CPU features: detected: CRC32 instructions
[    0.021345][    T1] CPU features: detected: Speculative Store Bypassing Safe (SSBS)
[    0.021347][    T1] CPU features: detected: Speculation barrier (SB)
[    0.021350][    T1] CPU features: detected: Generic authentication (architected algorithm)
[    0.021353][    T1] CPU features: detected: E0PD
[    0.021356][    T1] CPU features: detected: ARMv8.4 Translation Table Level
[    0.021358][    T1] CPU features: detected: TLB range maintenance instructions
[    0.021360][    T1] CPU features: detected: RCpc load-acquire (LDAPR)
[    0.050463][   T64] CPU features: detected CPU7: Activity Monitors Unit (AMU)
[    0.050464][   T50] CPU features: detected CPU5: Activity Monitors Unit (AMU)
[    0.050465][   T42] CPU features: detected CPU4: Activity Monitors Unit (AMU)
[    0.050466][   T57] CPU features: detected CPU6: Activity Monitors Unit (AMU)
[    0.050469][   T18] CPU features: detected CPU0: Activity Monitors Unit (AMU)
[    0.050472][   T21] CPU features: detected CPU1: Activity Monitors Unit (AMU)
[    0.050475][   T35] CPU features: detected CPU3: Activity Monitors Unit (AMU)
[    0.050477][   T28] CPU features: detected CPU2: Activity Monitors Unit (AMU)
[    0.083746][    T1] CPU: All CPU(s) started at EL1
[    0.132143][    T1] Registered cp15_barrier emulation handler
[    0.132156][    T1] Registered setend emulation handler
[    0.132158][    T1] KASLR enabled
[    0.132197][    T1] clocksource: jiffies: mask: 0xffffffff max_cycles: 0xffffffff, max_idle_ns: 7645041785100000 ns
[    0.132206][    T1] futex hash table entries: 2048 (order: 5, 131072 bytes, linear)
[    0.133921][    T1] pinctrl core: initialized pinctrl subsystem
[    0.134135][    T1] NET: Registered protocol family 16
[    0.134962][    T1] DMA: preallocated 1024 KiB GFP_KERNEL pool for atomic allocations
[    0.134997][    T1] audit: initializing netlink subsys (disabled)
[    0.135048][   T79] audit: type=2000 audit(0.108:1): state=initialized audit_enabled=0 res=1
[    0.135140][    T1] thermal_sys: Registered thermal governor 'step_wise'
[    0.135141][    T1] thermal_sys: Registered thermal governor 'user_space'
[    0.135142][    T1] thermal_sys: Registered thermal governor 'power_allocator'
[    0.137835][    T1] cpuidle: using governor menu
[    0.137910][    T1] hw-breakpoint: found 6 breakpoint and 4 watchpoint registers.
[    0.138014][    T1] ASID allocator initialised with 65536 entries
[    0.138038][    T1] Serial: AMBA PL011 UART driver
[    0.138138][    T1] ramoops reserved-memory:ramoops_region: failed to locate DT /reserved-memory resource
[    0.138145][    T1] ramoops: probe of reserved-memory:ramoops_region failed with error -22
[    0.138251][    T1] printk: console [ramoops-1] enabled
[    0.138265][    T1] pstore: Registered ramoops as persistent store backend
[    0.138265][    T1] ramoops: using 0x400000@0xa7000000, ecc: 0
[    0.146316][    T1] OF: /soc/spf_core_platform/lpass-cdc/va-macro@33F0000: could not get #gpio-cells for /soc/interrupt-controller@17100000
[    0.170802][    T1] iommu: Default domain type: Translated 
[    0.170904][    T1] SCSI subsystem initialized
[    0.170931][    T1] usbcore: registered new interface driver usbfs
[    0.170936][    T1] usbcore: registered new interface driver hub
[    0.170941][    T1] usbcore: registered new device driver usb
[    0.170960][    T1] mc: Linux media interface: v0.10
[    0.170964][    T1] videodev: Linux video capture interface: v2.00
[    0.170977][    T1] EDAC MC: Ver: 3.0.0
[    0.171095][    T1] CPUidle PSCI: Initialized CPU PM domain topology
[    0.171291][    T1] Advanced Linux Sound Architecture Driver Initialized.
[    0.171379][    T1] Bluetooth: Core ver 2.22
[    0.171383][    T1] NET: Registered protocol family 31
[    0.171384][    T1] Bluetooth: HCI device and connection manager initialized
[    0.171385][    T1] Bluetooth: HCI socket layer initialized
[    0.171386][    T1] Bluetooth: L2CAP socket layer initialized
[    0.171389][    T1] Bluetooth: SCO socket layer initialized
[    0.171415][    T1] nfc: nfc_init: NFC Core ver 0.1
[    0.171419][    T1] NET: Registered protocol family 39
[    0.171516][   T41] CPU features: Asymmetric 32-bit EL0 support detected on CPU 4; CPU hot-unplug disabled on CPU 4
[    0.171643][    T1] clocksource: Switched to clocksource arch_sys_counter
[    0.181552][    T1] VFS: Disk quotas dquot_6.6.0
[    0.181572][    T1] VFS: Dquot-cache hash table entries: 512 (order 0, 4096 bytes)
[    0.181725][    T1] NET: Registered protocol family 2
[    0.181785][    T1] IP idents hash table entries: 131072 (order: 8, 1048576 bytes, linear)
[    0.182563][    T1] tcp_listen_portaddr_hash hash table entries: 4096 (order: 4, 65536 bytes, linear)
[    0.182601][    T1] TCP established hash table entries: 65536 (order: 7, 524288 bytes, linear)
[    0.182676][    T1] TCP bind hash table entries: 65536 (order: 8, 1048576 bytes, linear)
[    0.182960][    T1] TCP: Hash tables configured (established 65536 bind 65536)
[    0.182997][    T1] UDP hash table entries: 4096 (order: 5, 131072 bytes, linear)
[    0.183010][    T1] UDP-Lite hash table entries: 4096 (order: 5, 131072 bytes, linear)
[    0.183044][    T1] NET: Registered protocol family 1
[    0.183049][    T1] NET: Registered protocol family 44
[    0.183054][    T1] PCI: CLS 0 bytes, default 64
[    0.183121][    T1] Trying to unpack rootfs image as initramfs...
[    0.217808][    T1] Freeing initrd memory: 24752K
[    0.218559][    T1] hw perfevents: enabled with armv8_pmuv3 PMU driver, 7 counters available
[    0.218911][    T1] kvm [1]: HYP mode not available
[    0.221822][    T1] Initialise system trusted keyrings
[    0.221943][    T1] workingset: timestamp_bits=46 max_order=21 bucket_order=0
[    0.222892][    T1] fuse: init (API version 7.32)
[    0.233679][    T1] Key type asymmetric registered
[    0.233686][    T1] Asymmetric key parser 'x509' registered
[    0.233698][    T1] Block layer SCSI generic (bsg) driver version 0.4 loaded (major 240)
[    0.233705][    T1] io scheduler mq-deadline registered
[    0.233707][    T1] io scheduler kyber registered
[    0.233728][    T1] io scheduler bfq registered
[    0.237151][    T1] brd: module loaded
[    0.238927][    T1] loop: module loaded
[    0.239478][    T1] wireguard: WireGuard 1.0.0 loaded. See www.wireguard.com for information.
[    0.239479][    T1] wireguard: Copyright (C) 2015-2019 Jason A. Donenfeld <Jason@zx2c4.com>. All Rights Reserved.
[    0.239624][    T1] tun: Universal TUN/TAP device driver, 1.6
[    0.239634][    T1] CAN device driver interface
[    0.239634][    T1] PPP generic driver version 2.4.2
[    0.239655][    T1] PPP BSD Compression module registered
[    0.239656][    T1] PPP Deflate Compression module registered
[    0.239662][    T1] PPP MPPE Compression module registered
[    0.239663][    T1] NET: Registered protocol family 24
[    0.239664][    T1] PPTP driver version 0.8.5
[    0.239724][    T1] usbcore: registered new interface driver rtl8150
[    0.239729][    T1] usbcore: registered new interface driver r8152
[    0.239733][    T1] usbcore: registered new interface driver asix
[    0.239736][    T1] usbcore: registered new interface driver ax88179_178a
[    0.239739][    T1] usbcore: registered new interface driver cdc_ether
[    0.239742][    T1] usbcore: registered new interface driver cdc_eem
[    0.239746][    T1] usbcore: registered new interface driver cdc_ncm
[    0.239750][    T1] usbcore: registered new interface driver aqc111
[    0.240018][    T1] ehci_hcd: USB 2.0 'Enhanced' Host Controller (EHCI) Driver
[    0.240020][    T1] ehci-pci: EHCI PCI platform driver
[    0.240027][    T1] ehci-platform: EHCI generic platform driver
[    0.240285][    T1] usbcore: registered new interface driver cdc_acm
[    0.240286][    T1] cdc_acm: USB Abstract Control Model driver for USB modems and ISDN adapters
[    0.240424][    T1] usbcore: registered new interface driver uas
[    0.240431][    T1] usbcore: registered new interface driver usb-storage
[    0.240518][    T1] dummy_hcd dummy_hcd.0: USB Host+Gadget Emulator, driver 02 May 2005
[    0.240521][    T1] dummy_hcd dummy_hcd.0: Dummy host controller
[    0.240523][    T1] dummy_hcd dummy_hcd.0: new USB bus registered, assigned bus number 1
[    0.240557][    T1] usb usb1: New USB device found, idVendor=1d6b, idProduct=0002, bcdDevice= 5.10
[    0.240558][    T1] usb usb1: New USB device strings: Mfr=3, Product=2, SerialNumber=1
[    0.240560][    T1] usb usb1: Product: Dummy host controller
[    0.240560][    T1] usb usb1: Manufacturer: Linux 5.10.236-android12-9-00003-gfb24cf99ad97-ab14313284 dummy_hcd
[    0.240561][    T1] usb usb1: SerialNumber: dummy_hcd.0
[    0.240612][    T1] hub 1-0:1.0: USB hub found
[    0.240616][    T1] hub 1-0:1.0: 1 port detected
[    0.240735][    T1] usbcore: registered new interface driver xpad
[    0.240780][    T1] usbcore: registered new interface driver uvcvideo
[    0.240781][    T1] USB Video Class driver (1.1.1)
[    0.240782][    T1] gspca_main: v2.14.0 registered
[    0.240888][    T1] device-mapper: uevent: version 1.0.3
[    0.240917][    T1] device-mapper: ioctl: 4.44.0-ioctl (2021-02-01) initialised: dm-devel@redhat.com
[    0.241056][    T1] Bluetooth: HCI UART driver ver 2.3
[    0.241058][    T1] Bluetooth: HCI UART protocol H4 registered
[    0.241061][    T1] Bluetooth: HCI UART protocol LL registered
[    0.241083][    T1] Bluetooth: HCI UART protocol Broadcom registered
[    0.241085][    T1] Bluetooth: HCI UART protocol QCA registered
[    0.241373][    T1] sdhci: Secure Digital Host Controller Interface driver
[    0.241374][    T1] sdhci: Copyright(c) Pierre Ossman
[    0.241375][    T1] sdhci-pltfm: SDHCI platform and OF driver helper
[    0.241439][    T1] hid: raw HID events driver (C) Jiri Kosina
[    0.241569][    T1] usbcore: registered new interface driver usbhid
[    0.241570][    T1] usbhid: USB HID core driver
[    0.241599][    T1] ashmem: initialized
[    0.241698][    T1] gnss: GNSS driver registered with major 511
[    0.242170][    T1] usbcore: registered new interface driver snd-usb-audio
[    0.242253][    T1] GACT probability NOT on
[    0.242258][    T1] Mirror/redirect action on
[    0.242262][    T1] netem: version 1.3
[    0.242273][    T1] u32 classifier
[    0.242274][    T1]     input device check on
[    0.242274][    T1]     Actions configured
[    0.242455][    T1] xt_time: kernel timezone is -0000
[    0.242487][    T1] ipip: IPv4 and MPLS over IPv4 tunneling driver
[    0.242576][    T1] gre: GRE over IPv4 demultiplexor driver
[    0.242577][    T1] ip_gre: GRE over IPv4 tunneling driver
[    0.242681][    T1] IPv4 over IPsec tunneling driver
[    0.242790][    T1] Initializing XFRM netlink socket
[    0.242794][    T1] IPsec XFRM device driver
[    0.242855][    T1] NET: Registered protocol family 10
[    0.243152][    T1] Segment Routing with IPv6
[    0.243171][    T1] mip6: Mobile IPv6
[    0.243284][    T1] sit: IPv6, IPv4 and MPLS over IPv4 tunneling driver
[    0.243371][    T1] ip6_gre: GRE over IPv6 tunneling driver
[    0.243414][    T1] NET: Registered protocol family 17
[    0.243418][    T1] NET: Registered protocol family 15
[    0.243430][    T1] can: controller area network core
[    0.243443][    T1] NET: Registered protocol family 29
[    0.243444][    T1] can: raw protocol
[    0.243446][    T1] can: broadcast manager protocol
[    0.243448][    T1] can: netlink gateway - max_hops=1
[    0.243564][    T1] Bluetooth: RFCOMM TTY layer initialized
[    0.243565][    T1] Bluetooth: RFCOMM socket layer initialized
[    0.243570][    T1] Bluetooth: RFCOMM ver 1.11
[    0.243572][    T1] Bluetooth: HIDP (Human Interface Emulation) ver 1.2
[    0.243573][    T1] Bluetooth: HIDP socket layer initialized
[    0.243577][    T1] l2tp_core: L2TP core driver, V2.0
[    0.243579][    T1] l2tp_ppp: PPPoL2TP kernel driver, V2.0
[    0.243580][    T1] tipc: Activated (version 2.0.0)
[    0.243599][    T1] NET: Registered protocol family 30
[    0.243614][    T1] tipc: Started in single node mode
[    0.243673][    T1] NET: Registered protocol family 36
[    0.243701][    T1] NET: Registered protocol family 40
[    0.243783][    T1] registered taskstats version 1
[    0.243786][    T1] Loading compiled-in X.509 certificates
[    0.243801][    T1] page_owner is disabled
[    0.243948][    T1] Key type .fscrypt registered
[    0.243951][    T1] Key type fscrypt-provisioning registered
[    0.244050][    T1] 
[    0.244053][    T1] ********************************************************************
[    0.244055][    T1] **     NOTICE NOTICE NOTICE NOTICE NOTICE NOTICE NOTICE           **
[    0.244057][    T1] **                                                                **
[    0.244059][    T1] **  WRITEABLE clk DebugFS SUPPORT HAS BEEN ENABLED IN THIS KERNEL **
[    0.244061][    T1] **                                                                **
[    0.244063][    T1] ** This means that this kernel is built to expose clk operations  **
[    0.244065][    T1] ** such as parent or rate setting, enabling, disabling, etc.      **
[    0.244067][    T1] ** to userspace, which may compromise security on your system.    **
[    0.244069][    T1] **                                                                **
[    0.244071][    T1] ** If you see this message and you are not debugging the          **
[    0.244073][    T1] ** kernel, report this immediately to your vendor!                **
[    0.244074][    T1] **                                                                **
[    0.244076][    T1] **     NOTICE NOTICE NOTICE NOTICE NOTICE NOTICE NOTICE           **
[    0.244078][    T1] ********************************************************************
[    0.245607][    T1] clk: Disabling unused clocks
[    0.245621][    T1] ALSA device list:
[    0.245623][    T1]   No soundcards found.
[    0.245647][    T1] Warning: unable to open an initial console.
[    0.246010][    T1] Freeing unused kernel memory: 3072K
[    0.285417][    T1] Run /init as init process
[    0.285419][    T1]   with arguments:
[    0.285420][    T1]     /init
[    0.285420][    T1]   with environment:
[    0.285421][    T1]     HOME=/
[    0.285422][    T1]     TERM=linux
[    0.285707][    T1] ksuinit::init[1]: Hello, KernelSU!
[    0.285793][    T1] ksuinit::init[1]: KernelSU version: 0
[    0.285798][    T1] ksuinit::init[1]: KernelSU version: 0
[    0.285801][    T1] ksuinit::init[1]: Loading kernelsu.ko..
[    0.383707][    T1] kernelsu: loading out-of-tree module taints kernel.
[    0.385510][    T1] KernelSU: feature: feature management initialized
[    0.385511][    T1] KernelSU: KernelSU IOCTL Commands:
[    0.385512][    T1] KernelSU:   GRANT_ROOT         = 0x00004b01
[    0.385513][    T1] KernelSU:   GET_INFO           = 0x80004b02
[    0.385513][    T1] KernelSU:   REPORT_EVENT       = 0x40004b03
[    0.385514][    T1] KernelSU:   SET_SEPOLICY       = 0xc0004b04
[    0.385514][    T1] KernelSU:   CHECK_SAFEMODE     = 0x80004b05
[    0.385515][    T1] KernelSU:   GET_ALLOW_LIST     = 0xc0004b06
[    0.385515][    T1] KernelSU:   GET_DENY_LIST      = 0xc0004b07
[    0.385516][    T1] KernelSU:   UID_GRANTED_ROOT   = 0xc0004b08
[    0.385516][    T1] KernelSU:   UID_SHOULD_UMOUNT  = 0xc0004b09
[    0.385517][    T1] KernelSU:   GET_MANAGER_APPID  = 0x80004b0a
[    0.385517][    T1] KernelSU:   GET_APP_PROFILE    = 0xc0004b0b
[    0.385517][    T1] KernelSU:   SET_APP_PROFILE    = 0x40004b0c
[    0.385518][    T1] KernelSU:   GET_FEATURE        = 0xc0004b0d
[    0.385519][    T1] KernelSU:   SET_FEATURE        = 0x40004b0e
[    0.385519][    T1] KernelSU:   GET_WRAPPER_FD     = 0x40004b0f
[    0.385519][    T1] KernelSU:   MANAGE_MARK        = 0xc0004b10
[    0.385520][    T1] KernelSU:   NUKE_EXT4_SYSFS    = 0x40004b11
[    0.385520][    T1] KernelSU:   ADD_TRY_UMOUNT     = 0x40004b12
[    0.385521][    T1] KernelSU:   GET_FULL_VERSION   = 0x80004b64
[    0.385521][    T1] KernelSU:   GET_HOOK_TYPE      = 0x80004b65
[    0.385521][    T1] KernelSU:   GET_ENABLE_KPM     = 0x80004b66
[    0.385522][    T1] KernelSU:   MANUAL_SU          = 0xc0004b6a
[    0.385522][    T1] KernelSU:   LIST_TRY_UMOUNT    = 0xc0004bc8
[    0.385523][    T1] KernelSU:   GET_SULOG_DUMP     = 0xc0004bc9
[    0.387111][    T1] KernelSU: reboot kprobe registered successfully
[    0.387114][    T1] KernelSU: sulog_init: allocated 2000 bytes on 0x000000000370139e 
[    0.387114][    T1] KernelSU: hook_manager: ksu_hook_manager_init called
[    0.389320][    T1] KernelSU: hook_manager: register_syscall_regfunc kretprobe: 0
[    0.391516][    T1] KernelSU: hook_manager: register_syscall_unregfunc kretprobe: 0
[    0.391566][    T1] KernelSU: hook_manager: mark process: pid:1, uid: 0, comm:init
[    0.391573][    T1] KernelSU: hook_manager: sys_enter tracepoint registered
[    0.391574][    T1] KernelSU: feature: registered handler for kernel_umount (id=1)
[    0.391575][    T1] KernelSU: feature: registered handler for su_compat (id=0)
[    0.393548][    T1] KernelSU: ksud: execve_kp: 0
[    0.395603][    T1] KernelSU: ksud: sys_read_kp: 0
[    0.398486][    T1] KernelSU: ksud: sys_fstat_kp: 0
[    0.402136][    T1] KernelSU: ksud: input_event_kp: 0
[    0.413451][    T1] ksuinit::init[1]: init is init.real
[    0.416165][    T1] init: init first stage started!
[    0.417417][    T1] init: Loading module /lib/modules/qcom_hwspinlock.ko with args ''
[    0.419476][    T1] init: Loaded kernel module /lib/modules/qcom_hwspinlock.ko
[    0.419486][    T1] init: Loading module /lib/modules/smem.ko with args ''
[    0.421027][    T1] init: Loaded kernel module /lib/modules/smem.ko
[    0.421050][    T1] init: Loading module /lib/modules/minidump.ko with args ''
[    0.423543][    T1] Failed to get pstore mem
[    0.425688][    T1] Minidump: Enabled with max number of regions 200
[    0.426044][    T1] init: Loaded kernel module /lib/modules/minidump.ko
[    0.426077][    T1] init: Loading module /lib/modules/qcom-scm.ko with args ''
[    0.428033][    T1] qcom-scm: __get_convention: qcom_scm: convention: smc arm 64
[    0.428392][    T1] qtee shmbridge registered default bridge with size 4194304 bytes
[    0.429159][    T1] shmbridge is enabled
[    0.429348][    T1] qcom-scm: scm_mem_protection_init_do: SCM call failed -5, resp 0
[    0.429553][    T1] init: Loaded kernel module /lib/modules/qcom-scm.ko
[    0.429596][    T1] init: Loading module /lib/modules/qcom_wdt_core.ko with args ''
[    0.430770][    T1] init: Loaded kernel module /lib/modules/qcom_wdt_core.ko
[    0.430778][    T1] init: Loading module /lib/modules/gh_virt_wdt.ko with args ''
[    0.431844][    T1] (NULL device *): wdog bark_time 20000
[    0.431844][    T1] (NULL device *): wdog pet_time 15000
[    0.432647][    T1] gh-watchdog hypervisor:qcom,gh-watchdog: QCOM Apps Watchdog Initialized
[    0.432684][    T1] init: Loaded kernel module /lib/modules/gh_virt_wdt.ko
[    0.432710][    T1] init: Loading module /lib/modules/qcom_cpu_vendor_hooks.ko with args ''
[    0.434216][    T1] init: Loaded kernel module /lib/modules/qcom_cpu_vendor_hooks.ko
[    0.434255][    T1] init: Loading module /lib/modules/qcom_ipc_logging.ko with args ''
[    0.435365][    T1] init: Loaded kernel module /lib/modules/qcom_ipc_logging.ko
[    0.435385][    T1] init: Loading module /lib/modules/cmd-db.ko with args ''
[    0.436568][    T1] init: Loaded kernel module /lib/modules/cmd-db.ko
[    0.436591][    T1] init: Loading module /lib/modules/qcom_rpmh.ko with args ''
[    0.440131][    T1] init: Loaded kernel module /lib/modules/qcom_rpmh.ko
[    0.440140][    T1] init: Loading module /lib/modules/clk-rpmh.ko with args ''
[    0.441900][    T1] init: Loaded kernel module /lib/modules/clk-rpmh.ko
[    0.441942][    T1] init: Loading module /lib/modules/proxy-consumer.ko with args ''
[    0.443427][    T1] init: Loaded kernel module /lib/modules/proxy-consumer.ko
[    0.443476][    T1] init: Loading module /lib/modules/debug-regulator.ko with args ''
[    0.444465][    T1] init: Loaded kernel module /lib/modules/debug-regulator.ko
[    0.444497][    T1] init: Loading module /lib/modules/gdsc-regulator.ko with args ''
[    0.445851][    T1] init: Loaded kernel module /lib/modules/gdsc-regulator.ko
[    0.445878][    T1] init: Loading module /lib/modules/clk-qcom.ko with args ''
[    0.447591][    T1] init: Loaded kernel module /lib/modules/clk-qcom.ko
[    0.447614][    T1] init: Loading module /lib/modules/clk-dummy.ko with args ''
[    0.449394][    T1] init: Loaded kernel module /lib/modules/clk-dummy.ko
[    0.449425][    T1] init: Loading module /lib/modules/gcc-waipio.ko with args ''
[    0.450842][    T1] init: Loaded kernel module /lib/modules/gcc-waipio.ko
[    0.450881][    T1] init: Loading module /lib/modules/icc-bcm-voter.ko with args ''
[    0.452073][    T1] init: Loaded kernel module /lib/modules/icc-bcm-voter.ko
[    0.452093][    T1] init: Loading module /lib/modules/icc-debug.ko with args ''
[    0.453373][    T1] init: Loaded kernel module /lib/modules/icc-debug.ko
[    0.453390][    T1] init: Loading module /lib/modules/icc-rpmh.ko with args ''
[    0.454411][    T1] init: Loaded kernel module /lib/modules/icc-rpmh.ko
[    0.454430][    T1] init: Loading module /lib/modules/qcom_ipcc.ko with args ''
[    0.456543][    T1] init: Loaded kernel module /lib/modules/qcom_ipcc.ko
[    0.456588][    T1] init: Loading module /lib/modules/qcom-pdc.ko with args ''
[    0.457946][    T1] init: Loaded kernel module /lib/modules/qcom-pdc.ko
[    0.457970][    T1] init: Loading module /lib/modules/qcom_tsens.ko with args ''
[    0.464338][    T1] init: Loaded kernel module /lib/modules/qcom_tsens.ko
[    0.464367][    T1] init: Loading module /lib/modules/rpmh-regulator.ko with args ''
[    0.467143][    T1] pm8350c_s2_gfx_voter_level: supplied by pm8350_s5_level
[    0.467978][    T1] rpmh_regulator_probe: ldoc11: could not find RPMh address for resource
[    0.470416][    T1] rpmh_regulator_probe: ldof1: could not find RPMh address for resource
[    0.470427][    T1] rpmh_regulator_probe: ldof2: could not find RPMh address for resource
[    0.470439][    T1] rpmh_regulator_probe: ldof4: could not find RPMh address for resource
[    0.470450][    T1] rpmh_regulator_probe: ldof5: could not find RPMh address for resource
[    0.470466][    T1] rpmh_regulator_probe: ldof6: could not find RPMh address for resource
[    0.470570][    T1] pm8450_s4_level: supplied by pm8350c_s6_mmcx_sup_level
[    0.470694][    T7] pm8350c_s2_mmcx_voter_level: supplied by pm8450_s4_level
[    0.470741][    T1] gcc_pcie_0_gdsc: supplied by pm8350c_s6_level
[    0.470949][    T1] rpmh_regulator_probe: ldoh4: could not find RPMh address for resource
[    0.471004][    T1] init: Loaded kernel module /lib/modules/rpmh-regulator.ko
[    0.471051][    T1] init: Loading module /lib/modules/dcvs_fp.ko with args ''
[    0.471079][    T7] gcc_pcie_1_gdsc: supplied by pm8350c_s6_level
[    0.471449][    T7] gcc_ufs_phy_gdsc: supplied by pm8350c_s6_level
[    0.472617][    T1] init: Loaded kernel module /lib/modules/dcvs_fp.ko
[    0.472662][    T1] init: Loading module /lib/modules/qcom-dcvs.ko with args ''
[    0.474634][    T1] init: Loaded kernel module /lib/modules/qcom-dcvs.ko
[    0.474647][    T1] init: Loading module /lib/modules/bwmon.ko with args ''
[    0.476431][    T1] init: Loaded kernel module /lib/modules/bwmon.ko
[    0.476472][    T1] init: Loading module /lib/modules/qcom-cpufreq-hw.ko with args ''
[    0.477425][    T1] init: Loaded kernel module /lib/modules/qcom-cpufreq-hw.ko
[    0.477466][    T1] init: Loading module /lib/modules/mi_schedule.ko with args ''
[    0.478800][    T1] in mi_sched_init
[    0.478923][    T1] init: Loaded kernel module /lib/modules/mi_schedule.ko
[    0.478959][    T1] init: Loading module /lib/modules/metis.ko with args ''
[    0.480259][    T1] metis-fas: register_mi_enqueue_task_fair_hook now
[    0.480259][    T1] metis-fas: register_mi_dequeue_task_fair_hook now
[    0.480260][    T1] metis-fas: register_mi_find_energy_efficient_cpu now
[    0.480260][    T1] metis-fas: register_mi_walt_get_indicies now
[    0.480265][    T1] metis-doublecyc: LINK: metis_doublecyc_init: inited!
[    0.480269][    T1] clu-aff: come into cluster_core_init
[    0.480269][    T1] clu-aff: **cluster**1**
[    0.480270][    T1] clu-aff: -0 	
[    0.480270][    T1] clu-aff: -1 	
[    0.480271][    T1] clu-aff: -2 	
[    0.480271][    T1] clu-aff: -3 	
[    0.480272][    T1] clu-aff: 
[    0.480272][    T1] clu-aff: clus_affnity 1 
[    0.480273][    T1] clu-aff: -0 	
[    0.480273][    T1] clu-aff: -1 	
[    0.480273][    T1] clu-aff: -2 	
[    0.480274][    T1] clu-aff: -3 	
[    0.480274][    T1] clu-aff: 
[    0.480274][    T1] clu-aff: **cluster**2**
[    0.480275][    T1] clu-aff: -4 	
[    0.480275][    T1] clu-aff: -5 	
[    0.480276][    T1] clu-aff: -6 	
[    0.480276][    T1] clu-aff: 
[    0.480276][    T1] clu-aff: clus_affnity 2 
[    0.480277][    T1] clu-aff: -0 	
[    0.480277][    T1] clu-aff: -1 	
[    0.480277][    T1] clu-aff: -2 	
[    0.480278][    T1] clu-aff: -3 	
[    0.480278][    T1] clu-aff: -4 	
[    0.480278][    T1] clu-aff: -5 	
[    0.480279][    T1] clu-aff: -6 	
[    0.480279][    T1] clu-aff: 
[    0.480279][    T1] clu-aff: **cluster**3**
[    0.480280][    T1] clu-aff: -7 	
[    0.480280][    T1] clu-aff: 
[    0.480281][    T1] clu-aff: clus_affnity 3 
[    0.480281][    T1] clu-aff: -0 	
[    0.480281][    T1] clu-aff: -1 	
[    0.480282][    T1] clu-aff: -2 	
[    0.480282][    T1] clu-aff: -3 	
[    0.480282][    T1] clu-aff: -4 	
[    0.480283][    T1] clu-aff: -5 	
[    0.480283][    T1] clu-aff: -6 	
[    0.480283][    T1] clu-aff: -7 	
[    0.480284][    T1] clu-aff: 
[    0.480289][    T1] clu-aff: clu_aff clu_aff_init: inited!
[    0.481054][    T1] metis-fboost: metis_freq_qos_request_init_first: Failed to get cpufreq policy for cpu0
[    0.481062][    T1] metis-fboost: metis init ...
[    0.481083][    T1] metis-fas: FAS: fas_init: inited!
[    0.481200][    T1] init: Loaded kernel module /lib/modules/metis.ko
[    0.481209][    T1] init: Loading module /lib/modules/sched-walt.ko with args ''
[    0.484239][    T1] init: Loaded kernel module /lib/modules/sched-walt.ko
[    0.484281][    T1] init: Loading module /lib/modules/thermal_pause.ko with args ''
[    0.485119][    T7] gcc-waipio 100000.clock-controller: Registered GCC clocks
[    0.485717][    T7] gpu_cc_cx_gdsc: supplied by pm8350c_s6_level
[    0.486555][    T7] gpu_cc_gx_gdsc: supplied by pm8350c_s2_gfx_voter_level
[    0.486762][    T1] init: Loaded kernel module /lib/modules/thermal_pause.ko
[    0.486795][    T1] init: Loading module /lib/modules/cpu_hotplug.ko with args ''
[    0.487106][    T7] video_cc_mvs0c_gdsc: supplied by pm8350c_s2_mmcx_voter_level
[    0.487440][    T7] video_cc_mvs1c_gdsc: supplied by pm8350c_s2_mmcx_voter_level
[    0.489191][    T7] cam_cc_bps_gdsc: supplied by pm8350c_s2_mmcx_voter_level
[    0.489466][    T7] cam_cc_ife_0_gdsc: supplied by pm8350c_s2_mmcx_voter_level
[    0.489736][    T7] cam_cc_ife_1_gdsc: supplied by pm8350c_s2_mmcx_voter_level
[    0.490091][    T1] init: Loaded kernel module /lib/modules/cpu_hotplug.ko
[    0.490127][    T1] init: Loading module /lib/modules/cfg80211.ko with args ''
[    0.490206][    T7] cam_cc_ife_2_gdsc: supplied by pm8350c_s2_mmcx_voter_level
[    0.490487][    T7] cam_cc_ipe_0_gdsc: supplied by pm8350c_s2_mmcx_voter_level
[    0.490746][    T7] cam_cc_sbi_gdsc: supplied by pm8350c_s2_mmcx_voter_level
[    0.491008][    T7] cam_cc_sfe_0_gdsc: supplied by pm8350c_s2_mmcx_voter_level
[    0.491261][    T7] cam_cc_sfe_1_gdsc: supplied by pm8350c_s2_mmcx_voter_level
[    0.491549][    T7] cam_cc_titan_top_gdsc: supplied by pm8350c_s2_mmcx_voter_level
[    0.491862][    T7] disp_cc_mdss_core_gdsc: supplied by pm8450_s4_level
[    0.492236][    T7] disp_cc_mdss_core_int2_gdsc: supplied by pm8450_s4_level
[    0.496227][    T1] cfg80211: Loading compiled-in X.509 certificates for regulatory database
[    0.496750][    T7] cpu cpu0: EM: created perf domain
[    0.498185][    T7] metis-fboost: metis_freq_qos_request_init: Failed to get cpufreq policy for cpu4
[    0.498625][    T7] cpu cpu4: EM: created perf domain
[    0.499050][    T1] cfg80211: Loaded X.509 cert 'sforshee: 00b28ddf47aef9cea7'
[    0.499098][  T175] platform regulatory.0: Direct firmware load for regulatory.db failed with error -2
[    0.499104][  T175] cfg80211: failed to load regulatory.db
[    0.499292][    T7] metis-fboost: metis_freq_qos_request_init: Failed to get cpufreq policy for cpu7
[    0.499757][    T7] cpu cpu7: EM: created perf domain
[    0.500415][    T1] init: Loaded kernel module /lib/modules/cfg80211.ko
[    0.500477][    T1] init: Loading module /lib/modules/tmecom-intf.ko with args ''
[    0.500699][    T7] metis-fboost: metis_freq_qos_request_init sucess!
[    0.500719][   T60] metis-fboost: finish_fboost_workfn!
[    0.501529][    T1] init: Loaded kernel module /lib/modules/tmecom-intf.ko
[    0.501557][    T1] init: Loading module /lib/modules/hwkm.ko with args ''
[    0.502398][    T1] init: Loaded kernel module /lib/modules/hwkm.ko
[    0.502418][    T1] init: Loading module /lib/modules/crypto-qti-hwkm.ko with args ''
[    0.503204][    T1] init: Loaded kernel module /lib/modules/crypto-qti-hwkm.ko
[    0.503223][    T1] init: Loading module /lib/modules/crypto-qti-common.ko with args ''
[    0.504254][   T18] metis-fas: change num_sched_clusters from 3 to 3
[    0.504847][   T76] core_ctl: Creating CPU group 0
[    0.504849][   T76] core_ctl: Init CPU0 state
[    0.504850][   T76] core_ctl: Init CPU1 state
[    0.504851][   T76] core_ctl: Init CPU2 state
[    0.504852][   T76] core_ctl: Init CPU3 state
[    0.504866][   T76] core_ctl: Creating CPU group 4
[    0.504867][   T76] core_ctl: Init CPU4 state
[    0.504867][   T76] core_ctl: Init CPU5 state
[    0.504868][   T76] core_ctl: Init CPU6 state
[    0.504874][   T76] core_ctl: Creating CPU group 7
[    0.504875][   T76] core_ctl: Init CPU7 state
[    0.505026][    T7] video_cc_mvs0_gdsc: supplied by video_cc_mvs0c_gdsc
[    0.505123][    T7] video_cc_mvs1_gdsc: supplied by video_cc_mvs1c_gdsc
[    0.505138][    T1] init: Loaded kernel module /lib/modules/crypto-qti-common.ko
[    0.505259][    T1] init: Loading module /lib/modules/cqhci.ko with args ''
[    0.506766][    T1] init: Loaded kernel module /lib/modules/cqhci.ko
[    0.506919][    T1] init: Loading module /lib/modules/dispcc-diwali.ko with args ''
[    0.508293][    T1] init: Loaded kernel module /lib/modules/dispcc-diwali.ko
[    0.508317][    T1] init: Loading module /lib/modules/dispcc-waipio.ko with args ''
[    0.511152][    T1] disp_cc_pll0 PLL is already enabled
[    0.511309][    T1] disp_cc-waipio af00000.clock-controller: Registered DISP CC clocks
[    0.511581][    T1] init: Loaded kernel module /lib/modules/dispcc-waipio.ko
[    0.511605][    T1] init: Loading module /lib/modules/gcc-diwali.ko with args ''
[    0.513296][    T1] init: Loaded kernel module /lib/modules/gcc-diwali.ko
[    0.513317][    T1] init: Loading module /lib/modules/gh_arm_drv.ko with args ''
[    0.514246][    T1] init: Loaded kernel module /lib/modules/gh_arm_drv.ko
[    0.514265][    T1] init: Loading module /lib/modules/gh_ctrl.ko with args ''
[    0.515170][    T1] init: Loaded kernel module /lib/modules/gh_ctrl.ko
[    0.515189][    T1] init: Loading module /lib/modules/gh_dbl.ko with args ''
[    0.516105][    T1] init: Loaded kernel module /lib/modules/gh_dbl.ko
[    0.516128][    T1] init: Loading module /lib/modules/gh_msgq.ko with args ''
[    0.517034][    T1] init: Loaded kernel module /lib/modules/gh_msgq.ko
[    0.517057][    T1] init: Loading module /lib/modules/gh_rm_drv.ko with args ''
[    0.518188][    T1] gh_msgq: Registered client for label: 0
[    0.518390][    T1] init: Loaded kernel module /lib/modules/gh_rm_drv.ko
[    0.518413][    T1] init: Loading module /lib/modules/iommu-logger.ko with args ''
[    0.519262][    T1] init: Loaded kernel module /lib/modules/iommu-logger.ko
[    0.519284][    T1] init: Loading module /lib/modules/kryo_arm64_edac.ko with args ''
[    0.520274][    T1] init: Loaded kernel module /lib/modules/kryo_arm64_edac.ko
[    0.520295][    T1] init: Loading module /lib/modules/llcc-qcom.ko with args ''
[    0.521573][    T1] qcom-llcc 19200000.cache-controller: invalid resource
[    0.521577][    T1] qcom-llcc 19200000.cache-controller: invalid resource
[    0.521580][    T1] qcom-llcc 19200000.cache-controller: invalid resource
[    0.522012][    T1] init: Loaded kernel module /lib/modules/llcc-qcom.ko
[    0.522032][    T1] init: Loading module /lib/modules/mac80211.ko with args ''
[    0.527250][    T1] init: Loaded kernel module /lib/modules/mac80211.ko
[    0.527290][    T1] init: Loading module /lib/modules/secure_buffer.ko with args ''
[    0.528682][    T1] init: Loaded kernel module /lib/modules/secure_buffer.ko
[    0.528689][    T1] init: Loading module /lib/modules/mem_buf_dev.ko with args ''
[    0.530413][    T1] init: Loaded kernel module /lib/modules/mem_buf_dev.ko
[    0.530449][    T1] init: Loading module /lib/modules/msm_dma_iommu_mapping.ko with args ''
[    0.531420][    T1] init: Loaded kernel module /lib/modules/msm_dma_iommu_mapping.ko
[    0.531443][    T1] init: Loading module /lib/modules/qcom_dma_heaps.ko with args ''
[    0.532757][    T1] init 1 qcom,system
[    0.533229][    T1] qcom_system_heap_create: DMA-BUF Heap: Created 'qcom,system'
[    0.533241][    T1] qcom_system_heap_create: DMA-BUF Heap: Created 'system'
[    0.533259][    T1] qcom_secure_system_heap_create: DMA-BUF Heap: Created 'qcom,secure-pixel'
[    0.533268][    T1] qcom_secure_system_heap_create: DMA-BUF Heap: Created 'qcom,secure-non-pixel'
[    0.533495][    T1] platform soc:qcom,dma-heaps:qcom,adsp: assigned reserved memory node sdsp_region
[    0.533519][    T1] platform soc:qcom,dma-heaps:qcom,user_contig: assigned reserved memory node user_contig_region
[    0.533540][    T1] platform soc:qcom,dma-heaps:qcom,sp_hlos: assigned reserved memory node sp_region
[    0.533602][    T1] platform soc:qcom,dma-heaps:qcom,qseecom: assigned reserved memory node qseecom_region
[    0.533625][    T1] platform soc:qcom,dma-heaps:qcom,qseecom_ta: assigned reserved memory node qseecom_ta_region
[    0.533649][    T1] platform soc:qcom,dma-heaps:qcom,display: assigned reserved memory node non_secure_display_region
[    0.533670][    T1] platform soc:qcom,dma-heaps:qcom,demura: assigned reserved memory node demura_heap_region
[    0.533691][    T1] platform soc:qcom,dma-heaps:qcom,audio_ml: assigned reserved memory node audio_cma_region
[    0.564569][    T1] qcom_dma_heap_probe: DMA-BUF Heap: Created qcom,secure-cdsp
[    0.564579][    T1] qcom_dma_heap_probe: DMA-BUF Heap: Created qcom,adsp
[    0.564588][    T1] qcom_dma_heap_probe: DMA-BUF Heap: Created qcom,user-contig
[    0.564594][    T1] qcom_dma_heap_probe: DMA-BUF Heap: Created qcom,sp-hlos
[    0.565063][    T1] qcom_dma_heap_probe: DMA-BUF Heap: Created qcom,secure-sp-modem
[    0.566453][    T1] qcom_dma_heap_probe: DMA-BUF Heap: Created qcom,secure-sp-tz
[    0.566461][    T1] qcom_dma_heap_probe: DMA-BUF Heap: Created qcom,qseecom
[    0.566467][    T1] qcom_dma_heap_probe: DMA-BUF Heap: Created qcom,qseecom-ta
[    0.566472][    T1] qcom_dma_heap_probe: DMA-BUF Heap: Created qcom,display
[    0.566478][    T1] qcom_dma_heap_probe: DMA-BUF Heap: Created qcom,demura
[    0.566483][    T1] qcom_dma_heap_probe: DMA-BUF Heap: Created qcom,audio-ml
[    0.566783][    T1] init: Loaded kernel module /lib/modules/qcom_dma_heaps.ko
[    0.566812][    T1] init: Loading module /lib/modules/mem_buf.ko with args ''
[    0.568462][    T1] gh_msgq: Registered client for label: 1
[    0.568646][    T1] init: Loaded kernel module /lib/modules/mem_buf.ko
[    0.568681][    T1] init: Loading module /lib/modules/mem-hooks.ko with args ''
[    0.569628][    T1] init: Loaded kernel module /lib/modules/mem-hooks.ko
[    0.569648][    T1] init: Loading module /lib/modules/memory_dump_v2.ko with args ''
[    0.570675][    T1] msm_mem_dump soc:mem_dump: assigned reserved memory node mem_dump_region
[    0.576612][    T1] MSM Memory Dump apps data table set up
[    0.577056][    T1] init: Loaded kernel module /lib/modules/memory_dump_v2.ko
[    0.577102][    T1] init: Loading module /lib/modules/miev.ko with args ''
[    0.577124][    T1] miev: module is from the staging directory, the quality is unknown, you have been warned.
[    0.578250][    T1] CHRDEV "miev" major requested (520) is greater than the maximum (511)
[    0.578374][    T1] init: Loaded kernel module /lib/modules/miev.ko
[    0.578413][    T1] init: Loading module /lib/modules/pinctrl-msm.ko with args ''
[    0.579522][    T1] init: Loaded kernel module /lib/modules/pinctrl-msm.ko
[    0.579538][    T1] init: Loading module /lib/modules/pinctrl-waipio.ko with args ''
[    0.580922][    T1] init: Loaded kernel module /lib/modules/pinctrl-waipio.ko
[    0.580958][    T1] init: Loading module /lib/modules/qnoc-qos.ko with args ''
[    0.581849][    T1] init: Loaded kernel module /lib/modules/qnoc-qos.ko
[    0.581856][    T1] init: Loading module /lib/modules/qnoc-waipio.ko with args ''
[    0.589244][    T1] init: Loaded kernel module /lib/modules/qnoc-waipio.ko
[    0.589266][    T1] init: Loading module /lib/modules/qti-fixed-regulator.ko with args ''
[    0.590427][    T1] init: Loaded kernel module /lib/modules/qti-fixed-regulator.ko
[    0.590460][    T1] init: Loading module /lib/modules/reboot-mode.ko with args ''
[    0.591420][    T1] init: Loaded kernel module /lib/modules/reboot-mode.ko
[    0.591454][    T1] init: Loading module /lib/modules/msm-geni-se.ko with args ''
[    0.592725][    T7] qcom-bwmon: Zone thres larger than hw limit: hi:267 med:400 lo:0
[    0.592787][    T1] init: Loaded kernel module /lib/modules/msm-geni-se.ko
[    0.592796][    T1] init: Loading module /lib/modules/msm_geni_serial.ko with args 'con_enabled=0
[    0.592797][    T1] init: '
[    0.593947][    T1] msm_geni_serial_init: Driver initialized
[    0.593985][    T1] init: Loaded kernel module /lib/modules/msm_geni_serial.ko
[    0.594006][    T1] init: Loading module /lib/modules/nvmem_qcom-spmi-sdam.ko with args ''
[    0.594835][    T1] init: Loaded kernel module /lib/modules/nvmem_qcom-spmi-sdam.ko
[    0.594853][    T1] init: Loading module /lib/modules/phy-generic.ko with args ''
[    0.595751][    T1] usb_phy_generic soc:usb_nop_phy: supply vcc not found, using dummy regulator
[    0.595778][    T1] usb_phy_generic soc:usb_nop_phy: dummy supplies not allowed for exclusive requests
[    0.595850][    T1] init: Loaded kernel module /lib/modules/phy-generic.ko
[    0.595870][    T1] init: Loading module /lib/modules/phy-qcom-ufs.ko with args ''
[    0.596903][    T1] init: Loaded kernel module /lib/modules/phy-qcom-ufs.ko
[    0.596922][    T1] init: Loading module /lib/modules/phy-qcom-ufs-qmp-v4-waipio.ko with args ''
[    0.597907][    T1] init: Loaded kernel module /lib/modules/phy-qcom-ufs-qmp-v4-waipio.ko
[    0.597927][    T1] init: Loading module /lib/modules/phy-qcom-ufs-qmp-v4-diwali.ko with args ''
[    0.598914][    T1] init: Loaded kernel module /lib/modules/phy-qcom-ufs-qmp-v4-diwali.ko
[    0.598934][    T1] init: Loading module /lib/modules/phy-qcom-ufs-qmp-v4-cape.ko with args ''
[    0.599971][    T1] init: Loaded kernel module /lib/modules/phy-qcom-ufs-qmp-v4-cape.ko
[    0.599999][    T1] init: Loading module /lib/modules/pinctrl-cape.ko with args ''
[    0.601534][    T1] init: Loaded kernel module /lib/modules/pinctrl-cape.ko
[    0.601563][    T1] init: Loading module /lib/modules/pinctrl-diwali.ko with args ''
[    0.601954][    T7] camera_wide_avdd_ldo: supplied by pm8350c_bob
[    0.602075][    T7] camera_front_avdd_ldo: supplied by pm8350c_bob
[    0.602245][    T7] camera_deep_avdd: supplied by pm8350c_bob
[    0.602377][    T7] reg-fixed-voltage soc:display_gpio_regulator_vsp: nonexclusive access to GPIO for soc:display_gpio_regulator_vsp
[    0.602699][    T1] init: Loaded kernel module /lib/modules/pinctrl-diwali.ko
[    0.602720][    T1] init: Loading module /lib/modules/qcom-dload-mode.ko with args ''
[    0.603814][    T7] msm_geni_serial 99c000.qcom,qup_uart: msm_geni_serial_probe, Console Disabled
[    0.604038][    T1] init: Loaded kernel module /lib/modules/qcom-dload-mode.ko
[    0.604072][    T1] init: Loading module /lib/modules/qcom_gic_intr_routing.ko with args ''
[    0.604987][    T1] init: Loaded kernel module /lib/modules/qcom_gic_intr_routing.ko
[    0.605014][    T1] init: Loading module /lib/modules/qcom_iommu_util.ko with args ''
[    0.606321][    T1] qcom_dma_iommu soc:dma_dev@0x0: assigned reserved memory node linux,cma
[    0.607163][    T1] DMA: preallocated 256 KiB pool for atomic allocations
[    0.607280][    T1] init: Loaded kernel module /lib/modules/qcom_iommu_util.ko
[    0.607311][    T1] init: Loading module /lib/modules/qcom_llcc_pmu.ko with args ''
[    0.608224][    T1] qcom-llcc-pmu 19095000.llcc-pmu: Registered llcc_pmu, type: 9
[    0.608321][    T1] init: Loaded kernel module /lib/modules/qcom_llcc_pmu.ko
[    0.608340][    T1] init: Loading module /lib/modules/qcom-pmu-lib.ko with args ''
[    0.612620][    T1] init: Loaded kernel module /lib/modules/qcom-pmu-lib.ko
[    0.612653][    T1] init: Loading module /lib/modules/pmu_vendor.ko with args ''
[    0.613550][    T1] init: Loaded kernel module /lib/modules/pmu_vendor.ko
[    0.613573][    T1] init: Loading module /lib/modules/pmu_scmi.ko with args ''
[    0.614519][    T1] init: Loaded kernel module /lib/modules/pmu_scmi.ko
[    0.614550][    T1] init: Loading module /lib/modules/qti-regmap-debugfs.ko with args ''
[    0.615520][    T1] init: Loaded kernel module /lib/modules/qti-regmap-debugfs.ko
[    0.615539][    T1] init: Loading module /lib/modules/regmap-spmi.ko with args ''
[    0.616522][    T1] init: Loaded kernel module /lib/modules/regmap-spmi.ko
[    0.616528][    T1] init: Loading module /lib/modules/qcom-spmi-pmic.ko with args ''
[    0.617629][    T1] init: Loaded kernel module /lib/modules/qcom-spmi-pmic.ko
[    0.617654][    T1] init: Loading module /lib/modules/spmi-pmic-arb.ko with args ''
[    0.619229][    T7] spmi spmi-0: PMIC arbiter version v7 (0x70000000)
[    0.623912][    T9] spmi spmi-1: PMIC arbiter version v7 (0x70000000)
[    0.624747][    T1] init: Loaded kernel module /lib/modules/spmi-pmic-arb.ko
[    0.624768][    T1] init: Loading module /lib/modules/qcom-reboot-reason.ko with args ''
[    0.626000][    T1] init: Loaded kernel module /lib/modules/qcom-reboot-reason.ko
[    0.626022][    T1] init: Loading module /lib/modules/qnoc-diwali.ko with args ''
[    0.627313][    T1] init: Loaded kernel module /lib/modules/qnoc-diwali.ko
[    0.627333][    T1] init: Loading module /lib/modules/qrtr.ko with args ''
[    0.628980][    T1] NET: Registered protocol family 42
[    0.629105][    T1] init: Loaded kernel module /lib/modules/qrtr.ko
[    0.629125][    T1] init: Loading module /lib/modules/rtc-pm8xxx.ko with args ''
[    0.630376][    T1] rtc-pm8xxx c42d000.qcom,spmi:qcom,pmk8350@0:rtc@6100: registered as rtc0
[    0.630848][    T1] rtc-pm8xxx c42d000.qcom,spmi:qcom,pmk8350@0:rtc@6100: setting system clock to 1972-11-08T21:34:56 UTC (90106496)
[    0.630925][    T1] init: Loaded kernel module /lib/modules/rtc-pm8xxx.ko
[    0.630944][    T1] init: Loading module /lib/modules/socinfo.ko with args ''
[    0.631987][    T1] v0.16, id=531, ver=1.0, raw_id=474, raw_ver=0, hw_plat=8, hw_plat_ver=65536
[    0.631987][    T1]  accessory_chip=0, hw_plat_subtype=0, pmic_model=65583, pmic_die_revision=131072 foundry_id=1 serial_number=3395420164 num_pmics=6 chip_family=0x82 raw_device_family=0xa raw_device_number=0x8 nproduct_id=0x43b num_clusters=0x1 ncluster_array_offset=0xc0 num_subset_parts=0xf nsubset_parts_array_offset=0xc4 nmodem_supported=0x0 sku=CAPEP-4294967294-AC
[    0.632035][    T1] init: Loaded kernel module /lib/modules/socinfo.ko
[    0.632056][    T1] init: Loading module /lib/modules/stub-regulator.ko with args ''
[    0.633090][    T1] init: Loaded kernel module /lib/modules/stub-regulator.ko
[    0.633113][    T1] init: Loading module /lib/modules/ufshcd-crypto-qti.ko with args ''
[    0.634202][    T1] init: Loaded kernel module /lib/modules/ufshcd-crypto-qti.ko
[    0.634224][    T1] init: Loading module /lib/modules/ufs_qcom.ko with args ''
[    0.646425][    T1] Could not create tracefs 'ufshcd_clk_gating' directory
[    0.646434][    T1] Could not create tracefs 'ufshcd_clk_scaling' directory
[    0.646437][    T1] Could not create tracefs 'ufshcd_auto_bkops_state' directory
[    0.646440][    T1] Could not create tracefs 'ufshcd_profile_hibern8' directory
[    0.646444][    T1] Could not create tracefs 'ufshcd_profile_clk_gating' directory
[    0.646446][    T1] Could not create tracefs 'ufshcd_profile_clk_scaling' directory
[    0.646449][    T1] Could not create tracefs 'ufshcd_system_suspend' directory
[    0.646452][    T1] Could not create tracefs 'ufshcd_system_resume' directory
[    0.646454][    T1] Could not create tracefs 'ufshcd_runtime_suspend' directory
[    0.646457][    T1] Could not create tracefs 'ufshcd_runtime_resume' directory
[    0.646460][    T1] Could not create tracefs 'ufshcd_init' directory
[    0.646463][    T1] Could not create tracefs 'ufshcd_command' directory
[    0.646466][    T1] Could not create tracefs 'ufshcd_uic_command' directory
[    0.646469][    T1] Could not create tracefs 'ufshcd_upiu' directory
[    0.649266][    T1] init: Loaded kernel module /lib/modules/ufs_qcom.ko
[    0.649316][    T1] init: Loading module /lib/modules/arm_smmu.ko with args ''
[    0.652012][    T1] arm-smmu 15000000.apps-smmu: 	coherent table walk
[    0.652015][    T1] arm-smmu 15000000.apps-smmu: 	stream matching with 113 register groups
[    0.653408][  T207] qupv3_geni_se 9c0000.qcom,qupv3_0_geni_se: Adding to iommu group 0
[    0.653549][    T1] init: Loaded kernel module /lib/modules/arm_smmu.ko
[    0.653597][    T1] init: Loading module /lib/modules/hwid.ko with args 'hwid_value=589824 project=16 build_adc=65169 project_adc=34329'
[    0.653972][  T207] qupv3_geni_se ac0000.qcom,qupv3_1_geni_se: Adding to iommu group 1
[    0.654252][  T207] ufshcd-qcom 1d84000.ufshc: Adding to iommu group 2
[    0.654514][    T1] init: Loaded kernel module /lib/modules/hwid.ko
[    0.654543][    T1] init: Loading module /lib/modules/mi_memory.ko with args ''
[    0.655270][  T207] ufshcd-qcom 1d84000.ufshc: nvmem get errs
[    0.655403][  T207] ufshcd-qcom 1d84000.ufshc: ufshcd_populate_vreg: unable to find vdd-hba-max-microamp
[    0.655521][  T207] ufshcd-qcom 1d84000.ufshc: ufshcd_populate_vreg: Unable to find vccq2-supply regulator, assuming enabled
[    0.655565][    T1] init: Loaded kernel module /lib/modules/mi_memory.ko
[    0.655589][    T1] init: Loading module /lib/modules/qcom_aoss.ko with args ''
[    0.656606][  T207] ufshcd-qcom 1d84000.ufshc: ufs_qcom_parse_reg_info: Unable to find qcom,vccq-parent-supply regulator, assuming enabled
[    0.656620][  T207] ufshcd-qcom 1d84000.ufshc: ufs_qcom_parse_turbo_clk_freq multi_level_clk_scaling_support = 1
[    0.656740][  T207] ufshcd-qcom 1d84000.ufshc: Found QC Inline Crypto Engine (ICE) v3.2.1
[    0.657670][  T207] scsi host0: ufshcd
[    0.658199][    T1] init: Loaded kernel module /lib/modules/qcom_aoss.ko
[    0.658225][    T1] init: Loading module /lib/modules/msm_qmp.ko with args ''
[    0.660090][    T1] init: Loaded kernel module /lib/modules/msm_qmp.ko
[    0.660113][    T1] init: Loading module /lib/modules/mi_power.ko with args ''
[    0.661017][    T1] [xiaomi_power] pm_debug_init:  register sysfs succecss.
[    0.661032][    T1] init: Loaded kernel module /lib/modules/mi_power.ko
[    0.661052][    T1] init: Loading module /lib/modules/qcom_rimps.ko with args ''
[    0.661865][    T1] init: Loaded kernel module /lib/modules/qcom_rimps.ko
[    0.661885][    T1] init: Loading module /lib/modules/c1dcvs_vendor.ko with args ''
[    0.662630][    T1] init: Loaded kernel module /lib/modules/c1dcvs_vendor.ko
[    0.662650][    T1] init: Loading module /lib/modules/c1dcvs_scmi.ko with args ''
[    0.663390][    T1] init: Loaded kernel module /lib/modules/c1dcvs_scmi.ko
[    0.663409][    T1] init: Loading module /lib/modules/bcl_pmic5.ko with args ''
[    0.666087][  T207] qupv3_geni_se 8c0000.qcom,qupv3_2_geni_se: Adding to iommu group 3
[    0.666466][  T207] arm-scmi soc:qcom,scmi: SCMI Notifications - Core Enabled.
[    0.666781][  T207] arm-scmi soc:qcom,scmi: SCMI Protocol v2.0 'Qualcomm:' Firmware version 0x10000
[    0.667095][  T207] msm_geni_serial 894000.qcom,qup_uart: Wakeup byte 0xfd
[    0.667356][  T207] msm_geni_serial 894000.qcom,qup_uart: Serial port0 added.FifoSize 64 is_console0
[    0.667414][  T207] 894000.qcom,qup_uart: ttyHS0 at MMIO 0x894000 (irq = 79, base_baud = 0) is a MSM
[    0.668471][  T207] tmecom-qmp-client soc:qcom,tmecom-qmp-client: tmecom probe success
[    0.669072][  T207] arm-scmi soc:qcom,scmi: version 1.0
[    0.679086][  T176] ufshcd-qcom 1d84000.ufshc: ufshcd_print_pwr_info:[RX, TX]: gear=[1, 1], lane[1, 1], pwr[SLOWAUTO_MODE, SLOWAUTO_MODE], rate = 0
[    0.734262][  T176] ufshcd-qcom 1d84000.ufshc: ufshcd_print_pwr_info:[RX, TX]: gear=[4, 4], lane[2, 2], pwr[FAST MODE, FAST MODE], rate = 2
[    0.734667][  T176] ufshcd-qcom 1d84000.ufshc: ufshcd_find_max_sup_active_icc_level: Regulator capability was not set, actvIccLevel=0
[    0.735217][  T176] ufshcd-qcom 1d84000.ufshc: ufshcd_wb_config: Write Booster Configured
[    0.737248][  T176] scsi 0:0:0:49488: Well-known LUN    SAMSUNG  KLUDG4UHGC-B0E1  1202 PQ: 0 ANSI: 6
[    0.738924][  T176] scsi 0:0:0:49476: Well-known LUN    SAMSUNG  KLUDG4UHGC-B0E1  1202 PQ: 0 ANSI: 6
[    0.740632][  T176] scsi 0:0:0:49456: Well-known LUN    SAMSUNG  KLUDG4UHGC-B0E1  1202 PQ: 0 ANSI: 6
[    0.742392][  T176] scsi 0:0:0:0: Direct-Access     SAMSUNG  KLUDG4UHGC-B0E1  1202 PQ: 0 ANSI: 6
[    0.744068][    C7] sd 0:0:0:0: Power-on or device reset occurred
[    0.745123][  T176] scsi 0:0:0:1: Direct-Access     SAMSUNG  KLUDG4UHGC-B0E1  1202 PQ: 0 ANSI: 6
[    0.746343][    C7] sd 0:0:0:1: Power-on or device reset occurred
[    0.746827][  T207] sd 0:0:0:0: [sda] 30491648 4096-byte logical blocks: (125 GB/116 GiB)
[    0.746873][  T207] sd 0:0:0:0: [sda] Write Protect is off
[    0.746875][  T207] sd 0:0:0:0: [sda] Mode Sense: 00 32 00 10
[    0.746912][  T176] scsi 0:0:0:2: Direct-Access     SAMSUNG  KLUDG4UHGC-B0E1  1202 PQ: 0 ANSI: 6
[    0.747478][  T207] sd 0:0:0:0: [sda] Write cache: enabled, read cache: enabled, supports DPO and FUA
[    0.748035][  T207] sd 0:0:0:0: [sda] Optimal transfer size 524288 bytes
[    0.748189][    C7] sd 0:0:0:2: Power-on or device reset occurred
[    0.748215][    T9] sd 0:0:0:1: [sdb] 4096 4096-byte logical blocks: (16.8 MB/16.0 MiB)
[    0.748235][  T176] scsi 0:0:0:3: Direct-Access     SAMSUNG  KLUDG4UHGC-B0E1  1202 PQ: 0 ANSI: 6
[    0.748259][    T9] sd 0:0:0:1: [sdb] Write Protect is off
[    0.748264][    T9] sd 0:0:0:1: [sdb] Mode Sense: 00 32 00 10
[    0.748364][    T9] sd 0:0:0:1: [sdb] Write cache: enabled, read cache: enabled, supports DPO and FUA
[    0.748407][    T9] sd 0:0:0:1: [sdb] Optimal transfer size 524288 bytes
[    0.748619][    C7] sd 0:0:0:3: Power-on or device reset occurred
[    0.748662][  T176] scsi 0:0:0:4: Direct-Access     SAMSUNG  KLUDG4UHGC-B0E1  1202 PQ: 0 ANSI: 6
[    0.748686][  T228] sd 0:0:0:2: [sdc] 4096 4096-byte logical blocks: (16.8 MB/16.0 MiB)
[    0.748776][  T228] sd 0:0:0:2: [sdc] Write Protect is off
[    0.748778][  T228] sd 0:0:0:2: [sdc] Mode Sense: 00 32 00 10
[    0.748954][  T228] sd 0:0:0:2: [sdc] Write cache: enabled, read cache: enabled, supports DPO and FUA
[    0.748992][    C4] sd 0:0:0:4: Power-on or device reset occurred
[    0.749018][  T228] sd 0:0:0:2: [sdc] Optimal transfer size 524288 bytes
[    0.749094][  T176] scsi 0:0:0:5: Direct-Access     SAMSUNG  KLUDG4UHGC-B0E1  1202 PQ: 0 ANSI: 6
[    0.749161][    T7] sd 0:0:0:3: [sdd] 8192 4096-byte logical blocks: (33.6 MB/32.0 MiB)
[    0.749799][    T7] sd 0:0:0:3: [sdd] Write Protect is off
[    0.749802][    T7] sd 0:0:0:3: [sdd] Mode Sense: 00 32 00 10
[    0.750275][  T176] CLD init ops succeed
[    0.750277][  T176] ufscld_create_sysfs:282 info: ufscld creates sysfs ufscld 00000000e449db43 dev->kobj 000000005c066c47
[    0.750279][  T176] ufscld_create_sysfs:289 info: ufscld sysfs attr creates: frag_level
[    0.750280][  T176] ufscld_create_sysfs:289 info: ufscld sysfs attr creates: cld_operation_status
[    0.750281][  T176] ufscld_create_sysfs:289 info: ufscld sysfs attr creates: trigger
[    0.750282][  T176] ufscld_create_sysfs:289 info: ufscld sysfs attr creates: trigger_interval
[    0.750283][  T176] ufscld_create_sysfs:289 info: ufscld sysfs attr creates: debug
[    0.750283][  T176] ufscld_create_sysfs:289 info: ufscld sysfs attr creates: block_suspend
[    0.750284][  T176] ufscld_create_sysfs:289 info: ufscld sysfs attr creates: auto_hibern8_enable
[    0.750285][  T176] ufscld_init:496 info: UFS cld create sysfs finished
[    0.750337][    C7] sd 0:0:0:5: Power-on or device reset occurred
[    0.750790][    T7] sd 0:0:0:3: [sdd] Write cache: enabled, read cache: enabled, supports DPO and FUA
[    0.751442][    T7] sd 0:0:0:3: [sdd] Optimal transfer size 524288 bytes
[    0.751536][  T230] sd 0:0:0:4: [sde] 713728 4096-byte logical blocks: (2.92 GB/2.72 GiB)
[    0.752229][  T230] sd 0:0:0:4: [sde] Write Protect is off
[    0.752231][  T230] sd 0:0:0:4: [sde] Mode Sense: 00 32 00 10
[    0.752793][  T207]  sda: sda1 sda2 sda3 sda4 sda5 sda6 sda7 sda8 sda9 sda10 sda11 sda12 sda13 sda14 sda15 sda16 sda17 sda18 sda19 sda20 sda21 sda22 sda23 sda24 sda25 sda26 sda27 sda28 sda29 sda30 sda31 sda32 sda33 sda34 sda35
[    0.753179][    T9]  sdb: sdb1 sdb2 sdb3 sdb4 sdb5
[    0.753417][  T230] sd 0:0:0:4: [sde] Write cache: enabled, read cache: enabled, supports DPO and FUA
[    0.753496][  T230] sd 0:0:0:4: [sde] Optimal transfer size 524288 bytes
[    0.753648][  T176] sd 0:0:0:5: [sdf] 8192 4096-byte logical blocks: (33.6 MB/32.0 MiB)
[    0.753823][  T176] sd 0:0:0:5: [sdf] Write Protect is off
[    0.753825][  T176] sd 0:0:0:5: [sdf] Mode Sense: 00 32 00 10
[    0.754052][  T176] sd 0:0:0:5: [sdf] Write cache: enabled, read cache: enabled, supports DPO and FUA
[    0.754213][  T176] sd 0:0:0:5: [sdf] Optimal transfer size 524288 bytes
[    0.754312][  T228]  sdc: sdc1 sdc2 sdc3 sdc4 sdc5
[    0.754382][  T207] sd 0:0:0:0: [sda] Attached SCSI disk
[    0.754492][    T9] sd 0:0:0:1: [sdb] Attached SCSI disk
[    0.755093][    T7]  sdd: sdd1 sdd2 sdd3 sdd4 sdd5
[    0.757913][  T228] sd 0:0:0:2: [sdc] Attached SCSI disk
[    0.759068][  T176]  sdf: sdf1 sdf2 sdf3 sdf4 sdf5 sdf6
[    0.759089][  T230]  sde: sde1 sde2 sde3 sde4 sde5 sde6 sde7 sde8 sde9 sde10 sde11 sde12 sde13 sde14 sde15 sde16 sde17 sde18 sde19 sde20 sde21 sde22 sde23 sde24 sde25 sde26 sde27 sde28 sde29 sde30 sde31 sde32 sde33 sde34 sde35 sde36 sde37 sde38 sde39 sde40 sde41 sde42 sde43 sde44 sde45 sde46 sde47 sde48 sde49 sde50 sde51 sde52 sde53 sde54 sde55 sde56 sde57 sde58 sde59 sde60 sde61 sde62 sde63 sde64 sde65 sde66 sde67 sde68 sde69 sde70 sde71 sde72 sde73 sde74 sde75 sde76
[    0.759683][    T7] sd 0:0:0:3: [sdd] Attached SCSI disk
[    0.764185][  T176] sd 0:0:0:5: [sdf] Attached SCSI disk
[    0.765296][  T230] sd 0:0:0:4: [sde] Attached SCSI disk
[    0.765393][    T1] init: Loaded kernel module /lib/modules/bcl_pmic5.ko
[    0.765448][    T1] init: Loading module /lib/modules/perfmgr.ko with args ''
[    0.766831][    T1] perfmgr_policy: perfmgr_policy_init max_freq_limit_level_limit  39
[    0.766861][    T1] init: Loaded kernel module /lib/modules/perfmgr.ko
[    0.766885][    T1] init: Loading module /lib/modules/bootinfo.ko with args 'pureason=0x40001 pdreason=0x2'
[    0.767898][    T1] init: Loaded kernel module /lib/modules/bootinfo.ko
[    0.767921][    T1] init: Loading module /lib/modules/debug_ext.ko with args 'initrd_size=24753'
[    0.769123][    T1] debug_ext_init: init done!
[    0.769264][    T1] init: Loaded kernel module /lib/modules/debug_ext.ko
[    0.769285][    T1] init: Loading module /lib/modules/swinfo.ko with args 'fingerprint=liuqin:12/OS3.0.5.0.VMYCNXM:user'
[    0.770183][    T1] init: Loaded kernel module /lib/modules/swinfo.ko
[    0.770359][    T1] init: Loaded 108 kernel modules took 354 ms
[    0.770430][    T1] init: Copied ramdisk prop to /second_stage_resources/system/etc/ramdisk/build.prop
[    0.770560][    T1] init: [libfs_mgr]dt_fstab: Skip disabled entry for partition vendor
[    0.770563][    T1] init: [libfs_mgr]ReadFstabFromDt(): failed to read fstab from dt
[    0.770588][    T1] init: [libfs_mgr]dt_fstab: Skip disabled entry for partition vendor
[    0.770904][    T1] init: Using Android DT directory /proc/device-tree/firmware/android/
[    0.782059][    T1] init: [libfs_mgr]superblock s_max_mnt_count:65535,/dev/block/by-name/metadata
[    0.782652][    T1] EXT4-fs (sda17): Ignoring removed nomblk_io_submit option
[    0.795028][    T1] EXT4-fs (sda17): mounted filesystem with ordered data mode. Opts: errors=remount-ro,nomblk_io_submit
[    0.795044][    T1] init: [libfs_mgr]check_fs(): mount(/dev/block/by-name/metadata,/metadata,ext4)=0: Success
[    0.795627][    T1] init: [libfs_mgr]check_fs(): unmount(/metadata) succeeded
[    0.795678][    T1] init: [libfs_mgr]Not running /system/bin/e2fsck on /dev/block/sda17 (executable not in system image)
[    0.798661][    T1] EXT4-fs (sda17): mounted filesystem with ordered data mode. Opts: discard
[    0.798671][    T1] init: [libfs_mgr]__mount(source=/dev/block/by-name/metadata,target=/metadata,type=ext4)=0: Success
[    0.804719][    T1] init: [libfs_mgr]Created logical partition odm_b on device /dev/block/dm-0
[    0.804893][    T1] init: [libfs_mgr]Created logical partition product_b on device /dev/block/dm-1
[    0.805006][    T1] init: [libfs_mgr]Created logical partition system_b on device /dev/block/dm-2
[    0.805125][    T1] init: [libfs_mgr]Created logical partition system_ext_b on device /dev/block/dm-3
[    0.805235][    T1] init: [libfs_mgr]Created logical partition vendor_b on device /dev/block/dm-4
[    0.805340][    T1] init: [libfs_mgr]Created logical partition vendor_dlkm_b on device /dev/block/dm-5
[    0.805447][    T1] init: [libfs_mgr]Created logical partition mi_ext_b on device /dev/block/dm-6
[    0.805546][    T1] init: [libfs_mgr]Created logical partition odm_b-cow on device /dev/block/dm-7
[    0.805650][    T1] init: [libfs_mgr]Created logical partition product_b-cow on device /dev/block/dm-8
[    0.805659][    T1] init: DSU not detected, proceeding with normal boot
[    0.808854][    T1] init: [libfs_avb]Returning avb_handle with status: Success
[    0.810031][    T1] init: [libfs_avb]: Error verifying vbmeta image: OK_NOT_SIGNED
[    0.810040][    T1] init: [libfs_avb]Found unknown public key used to sign /system
[    0.810043][    T1] init: [libfs_avb]Returning avb_handle for '/system' with status: VerificationError
[    0.810186][    T1] init: [libfs_avb]Built verity table: '1 /dev/block/dm-2 /dev/block/dm-2 4096 4096 182084 182084 sha256 28ce77bee414cafd633f9b5d8da60297e966e7a77ca9a46c25f143cc53b5b8ba c978e555c480bfa8925d6ba391dd406cc90ad514be5ddd298e97418c8eb9fbd8 10 use_fec_from_device /dev/block/dm-2 fec_roots 2 fec_blocks 183520 fec_start 183520 restart_on_corruption ignore_zero_blocks'
[    0.810295][    T1] device-mapper: verity: sha256 using implementation "sha256-ce"
[    0.811165][    T1] init: [libfs_mgr]Invalid ext4 superblock on '/dev/block/dm-9'
[    0.811710][    T1] EXT4-fs (dm-9): VFS: Can't find ext4 filesystem
[    0.811730][    T1] init: [libfs_mgr]__mount(source=/dev/block/dm-9,target=/system,type=ext4)=-1: Invalid argument
[    0.812304][    T1] erofs: (device dm-9): mounted with root inode @ nid 59.
[    0.812312][    T1] init: [libfs_mgr]__mount(source=/dev/block/dm-9,target=/system,type=erofs)=0: Success
[    0.812363][    T1] init: Switching root to '/system'
[    0.813763][    T1] init: [libfs_avb]Built verity table: '1 /dev/block/dm-3 /dev/block/dm-3 4096 4096 191536 191536 sha256 58f56f195582bf6d42ceb634766fb29f3220d5c5ccc0675bc856692aef077154 c978e555c480bfa8925d6ba391dd406cc90ad514be5ddd298e97418c8eb9fbd8 10 use_fec_from_device /dev/block/dm-3 fec_roots 2 fec_blocks 193046 fec_start 193046 restart_on_corruption ignore_zero_blocks'
[    0.813866][    T1] device-mapper: verity: sha256 using implementation "sha256-ce"
[    0.814688][    T1] init: [libfs_mgr]Invalid ext4 superblock on '/dev/block/dm-10'
[    0.815231][    T1] EXT4-fs (dm-10): VFS: Can't find ext4 filesystem
[    0.815249][    T1] init: [libfs_mgr]__mount(source=/dev/block/dm-10,target=/system_ext,type=ext4)=-1: Invalid argument
[    0.815807][    T1] erofs: (device dm-10): mounted with root inode @ nid 40.
[    0.815816][    T1] init: [libfs_mgr]__mount(source=/dev/block/dm-10,target=/system_ext,type=erofs)=0: Success
[    0.815976][    T1] init: [libfs_avb]Built verity table: '1 /dev/block/dm-1 /dev/block/dm-1 4096 4096 1112887 1112887 sha256 da91b52346d16fa69c31354331227ef6c9c0e7a07b57920a223949d36e9cb508 c978e555c480bfa8925d6ba391dd406cc90ad514be5ddd298e97418c8eb9fbd8 10 use_fec_from_device /dev/block/dm-1 fec_roots 2 fec_blocks 1121651 fec_start 1121651 restart_on_corruption ignore_zero_blocks'
[    0.816069][    T1] device-mapper: verity: sha256 using implementation "sha256-ce"
[    0.818032][    T1] init: [libfs_mgr]Invalid ext4 superblock on '/dev/block/dm-11'
[    0.818581][    T1] EXT4-fs (dm-11): VFS: Can't find ext4 filesystem
[    0.818597][    T1] init: [libfs_mgr]__mount(source=/dev/block/dm-11,target=/product,type=ext4)=-1: Invalid argument
[    0.819161][    T1] erofs: (device dm-11): mounted with root inode @ nid 39.
[    0.819168][    T1] init: [libfs_mgr]__mount(source=/dev/block/dm-11,target=/product,type=erofs)=0: Success
[    0.819330][    T1] init: [libfs_avb]Built verity table: '1 /dev/block/dm-4 /dev/block/dm-4 4096 4096 332572 332572 sha256 69446b5ed0578b34f3b46fff8cfee805b5d12a07f21dc3f691f2fe4bb294f628 368cd0e80d4d225faddb53eecc408e73539c309a1b57dcdabd34d7d8b9e22c90 10 use_fec_from_device /dev/block/dm-4 fec_roots 2 fec_blocks 335193 fec_start 335193 restart_on_corruption ignore_zero_blocks'
[    0.819432][    T1] device-mapper: verity: sha256 using implementation "sha256-ce"
[    0.820292][    T1] init: [libfs_mgr]Invalid ext4 superblock on '/dev/block/dm-12'
[    0.820844][    T1] EXT4-fs (dm-12): VFS: Can't find ext4 filesystem
[    0.820861][    T1] init: [libfs_mgr]__mount(source=/dev/block/dm-12,target=/vendor,type=ext4)=-1: Invalid argument
[    0.821466][    T1] erofs: (device dm-12): mounted with root inode @ nid 55.
[    0.821472][    T1] init: [libfs_mgr]__mount(source=/dev/block/dm-12,target=/vendor,type=erofs)=0: Success
[    0.821630][    T1] init: [libfs_avb]Built verity table: '1 /dev/block/dm-5 /dev/block/dm-5 4096 4096 7070 7070 sha256 b31e183d607d5f78c32947f18c0f2d455c93bf6e20a29a10fb1dd9003c16caa9 c978e555c480bfa8925d6ba391dd406cc90ad514be5ddd298e97418c8eb9fbd8 10 use_fec_from_device /dev/block/dm-5 fec_roots 2 fec_blocks 7127 fec_start 7127 restart_on_corruption ignore_zero_blocks'
[    0.821727][    T1] device-mapper: verity: sha256 using implementation "sha256-ce"
[    0.822941][    T1] init: [libfs_mgr]Invalid ext4 superblock on '/dev/block/dm-13'
[    0.823488][    T1] EXT4-fs (dm-13): VFS: Can't find ext4 filesystem
[    0.823505][    T1] init: [libfs_mgr]__mount(source=/dev/block/dm-13,target=/vendor_dlkm,type=ext4)=-1: Invalid argument
[    0.824067][    T1] erofs: (device dm-13): mounted with root inode @ nid 38.
[    0.824075][    T1] init: [libfs_mgr]__mount(source=/dev/block/dm-13,target=/vendor_dlkm,type=erofs)=0: Success
[    0.824230][    T1] init: [libfs_avb]Built verity table: '1 /dev/block/dm-0 /dev/block/dm-0 4096 4096 114259 114259 sha256 47b5771c53d52cf439f1abc28f1a9df8614af56e4b35fd9a685e3ea7a66412df fb50f0cff452f38fe254a46f200eecc559b7802b883e456392b3114544d0b58b 10 use_fec_from_device /dev/block/dm-0 fec_roots 2 fec_blocks 115160 fec_start 115160 restart_on_corruption ignore_zero_blocks'
[    0.824327][    T1] device-mapper: verity: sha256 using implementation "sha256-ce"
[    0.825138][    T1] init: [libfs_mgr]Invalid ext4 superblock on '/dev/block/dm-14'
[    0.825685][    T1] EXT4-fs (dm-14): VFS: Can't find ext4 filesystem
[    0.825701][    T1] init: [libfs_mgr]__mount(source=/dev/block/dm-14,target=/odm,type=ext4)=-1: Invalid argument
[    0.826260][    T1] erofs: (device dm-14): mounted with root inode @ nid 40.
[    0.826266][    T1] init: [libfs_mgr]__mount(source=/dev/block/dm-14,target=/odm,type=erofs)=0: Success
[    0.826429][    T1] init: [libfs_avb]Built verity table: '1 /dev/block/dm-6 /dev/block/dm-6 4096 4096 34 34 sha256 940757af3ace0844124e1c34b049faccef43796cf5cb7e88864f5c2cecbe1ae8 4711b12303d7a10684272b4150414399f9911bc2f318df4dfacbfc0447f3d1ec 10 use_fec_from_device /dev/block/dm-6 fec_roots 2 fec_blocks 35 fec_start 35 restart_on_corruption ignore_zero_blocks'
[    0.826522][    T1] device-mapper: verity: sha256 using implementation "sha256-ce"
[    0.827856][    T1] init: [libfs_mgr]Invalid ext4 superblock on '/dev/block/dm-15'
[    0.828421][    T1] EXT4-fs (dm-15): VFS: Can't find ext4 filesystem
[    0.828436][    T1] init: [libfs_mgr]__mount(source=/dev/block/dm-15,target=/mnt/vendor/mi_ext,type=ext4)=-1: Invalid argument
[    0.829005][    T1] erofs: (device dm-15): mounted with root inode @ nid 38.
[    0.829013][    T1] init: [libfs_mgr]__mount(source=/dev/block/dm-15,target=/mnt/vendor/mi_ext,type=erofs)=0: Success
[    0.833889][    T1] init: Skipped setting INIT_AVB_VERSION (not in recovery mode)
[    0.916470][    T1] init: [libfstab] Using Android DT directory /proc/device-tree/firmware/android/
[    0.916524][    T1] init: [libfstab] dt_fstab: Skip disabled entry for partition vendor
[    0.920569][    T1] init: Opening SELinux policy
[    0.923456][    T1] init: /system/etc/selinux/plat_sepolicy_and_mapping.sha256 and /odm/etc/selinux/precompiled_sepolicy.plat_sepolicy_and_mapping.sha256 differ
[    0.923459][    T1] init: Compiling SELinux policy
[    0.932586][  T261] KernelSU: Access filename failed for execve_handler_pre
[    0.939684][  T170] ufs_ffu Start
[    0.939692][  T170] [ufs_ffu] partion: sda start 6144(block) size 2048(block)
[    0.939698][  T170] [ufs_ffu] check ffu_arry, vendor:SAMSUNG , product:KLUDG4UHGC-B0E1 , fw_rev:1202
[    0.940228][  T170] sd 0:0:0:0: sense key:0x0; asc:0x0; ascq:0x0
[    0.940231][  T170] [ufs_ffu] ufs_flag is not FFU 
[    0.940234][  T170] ufs_ffu do not match 0:SAMSUNG KLUEG8UHGC-B0E1
[    0.940235][  T170] ufs_ffu do not match 1:SAMSUNG KLUEG8UHGC-B0E1
[    0.940236][  T170] ufs_ffu do not match 2:SAMSUNG KLUEG8UHGC-B0E1
[    0.940237][  T170] ufs_ffu do not match 3:SAMSUNG KLUEG8UHGC-B0E1
[    0.940238][  T170] match vendor:SAMSUNG , product id:KLUDG4UHGC-B0E1  hw_sectors 1024
[    0.940238][  T170] ufs_ffu do not match the rev
[    0.940241][  T170] match vendor:SAMSUNG , product id:KLUDG4UHGC-B0E1  hw_sectors 1024
[    0.940241][  T170] ufs_ffu do not match the rev
[    0.940244][  T170] match vendor:SAMSUNG , product id:KLUDG4UHGC-B0E1  hw_sectors 1024
[    0.940244][  T170] ufs_ffu do not match the rev
[    0.940247][  T170] match vendor:SAMSUNG , product id:KLUDG4UHGC-B0E1  hw_sectors 1024
[    0.940247][  T170] ufs_ffu firmware is already the newest now
[    0.940250][  T170] ufs_ffu do not match 8:SAMSUNG KLUFG8RHGB-B0E1
[    0.940251][  T170] ufs_ffu do not match 9:MICRON MT256GAXAT4U31
[    0.940251][  T170] ufs_ffu do not match 10:MICRON MT256GAXAT4U31
[    0.940252][  T170] ufs_ffu do not match 11:MICRON MT256GAXAT4U31
[    0.940253][  T170] ufs_ffu do not match 12:SKhynix HN8T05DEHKX073
[    0.940253][  T170] ufs_ffu do not match 13:SKhynix HN8T15DEHKX075
[    0.940254][  T170] ufs_ffu do not match 14:SKhynix HN8T15DEHKX075
[    0.940255][  T170] ufs_ffu do not match 15:SKhynix HN8T25DEHKX077
[    0.940256][  T170] ufs_ffu do not match 16:WDC SDINFDO4-128G
[    0.940256][  T170] ufs_ffu do not match 17:WDC SDINFDO4-256G
[    0.940257][  T170] ufs_ffu do not match 18:WDC SDINFDO4-512G
[    0.940258][  T170] ufs_ffu do not match 19:WDC SDINFDO4-128G
[    0.940258][  T170] ufs_ffu do not match 20:WDC SDINFDO4-256G
[    0.940258][  T170] ufs_ffu do not match 21:WDC SDINFDO4-512G
[    0.940259][  T170] ufs_ffu do not match 22:WDC SDINFDO4-128G
[    0.940259][  T170] ufs_ffu do not match 23:WDC SDINFDO4-256G
[    0.940260][  T170] ufs_ffu do not match 24:WDC SDINFDO4-512G
[    0.940260][  T170] ufs_ffu do not match 25:SKhynix H9QT0G6CN6X146
[    0.940260][  T170] ufs_ffu do not match 26:SKhynix H9QT1G6DN6X132
[    0.940261][  T170] ufs_ffu do not match 27:SKhynix H9QT1GGBN6X129
[    0.940261][  T170] ufs_ffu do not match 28:SAMSUNG KM8L9001JM-B624
[    0.940262][  T170] ufs_ffu do not match 29:SAMSUNG KM8L9001JM-B624
[    0.940262][  T170] ufs_ffu do not match 30:SAMSUNG KM8F9001JM-B813
[    0.940262][  T170] ufs_ffu do not match 31:SAMSUNG KM8F9001JM-B813
[    0.940263][  T170] ufs_ffu do not match 32:MICRON MT128GAXAU2U227X
[    1.477549][    T1] init: /system/bin/secilc: linker: Warning: failed to find generated linker configuration from "/linkerconfig/ld.config.txt"
[    1.477564][    T1] init: /system/bin/secilc: WARNING: linker: Warning: failed to find generated linker configuration from "/linkerconfig/ld.config.txt"
[    1.478502][    T1] init: Loading SELinux policy
[    1.491195][    T1] SELinux:  policy capability network_peer_controls=1
[    1.491198][    T1] SELinux:  policy capability open_perms=1
[    1.491199][    T1] SELinux:  policy capability extended_socket_class=1
[    1.491199][    T1] SELinux:  policy capability always_check_network=0
[    1.491200][    T1] SELinux:  policy capability cgroup_seclabel=0
[    1.491201][    T1] SELinux:  policy capability nnp_nosuid_transition=1
[    1.491201][    T1] SELinux:  policy capability genfs_seclabel_symlinks=0
[    1.491202][    T1] SELinux:  policy capability ioctl_skip_cloexec=0
[    1.534089][   T79] audit: type=1403 audit(90106497.399:2): auid=4294967295 ses=4294967295 lsm=selinux res=1
[    1.534291][   T79] audit: type=1404 audit(90106497.399:3): enforcing=1 old_enforcing=0 auid=4294967295 ses=4294967295 enabled=1 old-enabled=1 lsm=selinux res=1
[    1.539573][    T1] selinux: SELinux: Loaded file context from:
[    1.539575][    T1] selinux: 		/system/etc/selinux/plat_file_contexts
[    1.539577][    T1] selinux: 		/system_ext/etc/selinux/system_ext_file_contexts
[    1.539578][    T1] selinux: 		/product/etc/selinux/product_file_contexts
[    1.539579][    T1] selinux: 		/vendor/etc/selinux/vendor_file_contexts
[    1.539988][    T1] KernelSU: /system/bin/init second_stage executed
[    1.553448][    T1] KernelSU: Cached su SID: 71
[    1.553450][    T1] KernelSU: Cached zygote SID: 72
[    1.553451][    T1] KernelSU: Cached init SID: 73
[    1.553453][    T1] KernelSU: Cached ksu_file SID: 74
[    1.557713][    T1] init: init second stage started!
[    1.569077][    T1] selinux: SELinux: Loaded file context from:
[    1.569080][    T1] selinux: 		/system/etc/selinux/plat_file_contexts
[    1.569081][    T1] selinux: 		/system_ext/etc/selinux/system_ext_file_contexts
[    1.569083][    T1] selinux: 		/product/etc/selinux/product_file_contexts
[    1.569084][    T1] selinux: 		/vendor/etc/selinux/vendor_file_contexts
[    1.574279][    T1] init: [libfstab] Using Android DT directory /proc/device-tree/firmware/android/
[    1.579913][   T79] audit: type=1107 audit(90106497.447:4): pid=1 uid=0 auid=4294967295 ses=4294967295 subj=u:r:init:s0 msg='avc:  denied  { set } for property=ro.millet.netlink pid=1 uid=0 gid=0 scontext=u:r:vendor_init:s0 tcontext=u:object_r:default_prop:s0 tclass=property_service permissive=0'
[    1.579934][    T1] init: Do not have permissions to set 'ro.millet.netlink' to '30' in property file '/vendor/build.prop': SELinux permission check failed
[    1.580165][    T1] init: Overriding previous property 'dalvik.vm.heapsize':'36m' with new value '512m'
[    1.580212][   T79] audit: type=1107 audit(90106497.447:5): pid=1 uid=0 auid=4294967295 ses=4294967295 subj=u:r:init:s0 msg='avc:  denied  { set } for property=ro.adb.secure pid=1 uid=0 gid=0 scontext=u:r:vendor_init:s0 tcontext=u:object_r:build_prop:s0 tclass=property_service permissive=0'
[    1.580214][    T1] init: Do not have permissions to set 'ro.adb.secure' to '1' in property file '/vendor/build.prop': SELinux permission check failed
[    1.580273][   T79] audit: type=1107 audit(90106497.447:6): pid=1 uid=0 auid=4294967295 ses=4294967295 subj=u:r:init:s0 msg='avc:  denied  { set } for property=ro.rom.zone pid=1 uid=0 gid=0 scontext=u:r:vendor_init:s0 tcontext=u:object_r:default_prop:s0 tclass=property_service permissive=0'
[    1.580274][    T1] init: Do not have permissions to set 'ro.rom.zone' to '1' in property file '/vendor/build.prop': SELinux permission check failed
[    1.580290][   T79] audit: type=1107 audit(90106497.447:7): pid=1 uid=0 auid=4294967295 ses=4294967295 subj=u:r:init:s0 msg='avc:  denied  { set } for property=ro.build.recovery.version.release pid=1 uid=0 gid=0 scontext=u:r:vendor_init:s0 tcontext=u:object_r:default_prop:s0 tclass=property_service permissive=0'
[    1.580291][    T1] init: Do not have permissions to set 'ro.build.recovery.version.release' to '15' in property file '/vendor/build.prop': SELinux permission check failed
[    1.580303][    T1] init: Overriding previous property 'ro.control_privapp_permissions':'disable' with new value 'enforce'
[    1.580332][   T79] audit: type=1107 audit(90106497.447:8): pid=1 uid=0 auid=4294967295 ses=4294967295 subj=u:r:init:s0 msg='avc:  denied  { set } for property=persist.backup.ntpServer pid=1 uid=0 gid=0 scontext=u:r:vendor_init:s0 tcontext=u:object_r:default_prop:s0 tclass=property_service permissive=0'
[    1.580334][    T1] init: Do not have permissions to set 'persist.backup.ntpServer' to '0.pool.ntp.org' in property file '/vendor/build.prop': SELinux permission check failed
[    1.580462][   T79] audit: type=1107 audit(90106497.447:9): pid=1 uid=0 auid=4294967295 ses=4294967295 subj=u:r:init:s0 msg='avc:  denied  { set } for property=ro.qc.sdk.audio.ssr pid=1 uid=0 gid=0 scontext=u:r:vendor_init:s0 tcontext=u:object_r:default_prop:s0 tclass=property_service permissive=0'
[    1.580464][    T1] init: Do not have permissions to set 'ro.qc.sdk.audio.ssr' to 'false' in property file '/vendor/build.prop': SELinux permission check failed
[    1.580478][   T79] audit: type=1107 audit(90106497.447:10): pid=1 uid=0 auid=4294967295 ses=4294967295 subj=u:r:init:s0 msg='avc:  denied  { set } for property=ro.qc.sdk.audio.fluencetype pid=1 uid=0 gid=0 scontext=u:r:vendor_init:s0 tcontext=u:object_r:default_prop:s0 tclass=property_service permissive=0'
[    1.580479][    T1] init: Do not have permissions to set 'ro.qc.sdk.audio.fluencetype' to 'none' in property file '/vendor/build.prop': SELinux permission check failed
[    1.580502][    T1] init: Do not have permissions to set 'persist.audio.fluence.voicecall' to 'true' in property file '/vendor/build.prop': SELinux permission check failed
[    1.580517][    T1] init: Do not have permissions to set 'persist.audio.fluence.voicerec' to 'false' in property file '/vendor/build.prop': SELinux permission check failed
[    1.580532][    T1] init: Do not have permissions to set 'persist.audio.fluence.speaker' to 'true' in property file '/vendor/build.prop': SELinux permission check failed
[    1.580580][    T1] init: Do not have permissions to set 'persist.vendor.bt.a2dp_offload_cap' to 'sbc-aptx-aptxtws-aptxhd-aac-ldac-lhdc' in property file '/vendor/build.prop': SELinux permission check failed
[    1.580612][    T1] init: Do not have permissions to set 'audio.sys.noisy.broadcast.delay' to '600' in property file '/vendor/build.prop': SELinux permission check failed
[    1.580627][    T1] init: Do not have permissions to set 'audio.sys.offload.pstimeout.secs' to '3' in property file '/vendor/build.prop': SELinux permission check failed
[    1.580648][    T1] init: Do not have permissions to set 'persist.audio.fluence.voicecomm' to 'true' in property file '/vendor/build.prop': SELinux permission check failed
[    1.580762][    T1] init: Do not have permissions to set 'persist.audio.button_jack.profile' to 'volume' in property file '/vendor/build.prop': SELinux permission check failed
[    1.580777][    T1] init: Do not have permissions to set 'persist.audio.button_jack.switch' to '0' in property file '/vendor/build.prop': SELinux permission check failed
[    1.580859][    T1] init: Do not have permissions to set 'persist.demo.hdmirotationlock' to 'false' in property file '/vendor/build.prop': SELinux permission check failed
[    1.580997][    T1] init: Overriding previous property 'debug.stagefright.ccodec':'1' with new value '4'
[    1.581137][    T1] init: Do not have permissions to set 'ro.qc.sdk.audio.ssr' to 'false' in property file '/vendor/build.prop': SELinux permission check failed
[    1.581154][    T1] init: Do not have permissions to set 'ro.qc.sdk.audio.fluencetype' to 'none' in property file '/vendor/build.prop': SELinux permission check failed
[    1.581169][    T1] init: Do not have permissions to set 'persist.audio.fluence.voicecall' to 'true' in property file '/vendor/build.prop': SELinux permission check failed
[    1.581184][    T1] init: Do not have permissions to set 'persist.audio.fluence.voicerec' to 'false' in property file '/vendor/build.prop': SELinux permission check failed
[    1.581198][    T1] init: Do not have permissions to set 'persist.audio.fluence.speaker' to 'true' in property file '/vendor/build.prop': SELinux permission check failed
[    1.581234][    T1] init: Do not have permissions to set 'persist.vendor.bt.a2dp_offload_cap' to 'sbc-aptx-aptxtws-aptxhd-aac-ldac-lhdc' in property file '/vendor/build.prop': SELinux permission check failed
[    1.581257][    T1] init: Do not have permissions to set 'audio.sys.noisy.broadcast.delay' to '600' in property file '/vendor/build.prop': SELinux permission check failed
[    1.581272][    T1] init: Do not have permissions to set 'audio.sys.offload.pstimeout.secs' to '3' in property file '/vendor/build.prop': SELinux permission check failed
[    1.581293][    T1] init: Do not have permissions to set 'persist.audio.fluence.voicecomm' to 'true' in property file '/vendor/build.prop': SELinux permission check failed
[    1.581377][    T1] init: Do not have permissions to set 'persist.audio.button_jack.profile' to 'volume' in property file '/vendor/build.prop': SELinux permission check failed
[    1.581392][    T1] init: Do not have permissions to set 'persist.audio.button_jack.switch' to '0' in property file '/vendor/build.prop': SELinux permission check failed
[    1.581566][    T1] init: Do not have permissions to set 'external_storage.compression.enabled' to '1' in property file '/vendor/build.prop': SELinux permission check failed
[    1.581616][    T1] init: Do not have permissions to set 'ro.product.vendor_dlkm.cert' to '23046RP50C' in property file '/vendor_dlkm/etc/build.prop': SELinux permission check failed
[    1.581633][    T1] init: Do not have permissions to set 'ro.product.vendor_dlkm.marketname' to 'Xiaomi Pad 6 Pro' in property file '/vendor_dlkm/etc/build.prop': SELinux permission check failed
[    1.583056][    T1] init: Overriding previous property 'ro.com.android.dataroaming':'true' with new value 'false'
[    1.583095][    T1] init: Overriding previous property 'ro.vendor.audio.ring.filter':'true' with new value 'false'
[    1.583138][    T1] init: Overriding previous property 'vendor.audio.hw.aac.encoder':'false' with new value 'true'
[    1.583288][    T1] init: Overriding previous property 'dalvik.vm.madvise.vdexfile.size':'104857600' with new value '0'
[    1.583293][    T1] init: Overriding previous property 'dalvik.vm.madvise.odexfile.size':'104857600' with new value '0'
[    1.583297][    T1] init: Overriding previous property 'dalvik.vm.madvise.artfile.size':'4294967295' with new value '0'
[    1.583455][    T1] init_hook_E: Could not find /cust/cust_variant and /data/miui/cust_variant 
[    1.584036][    T1] init_hook_I: cust prop white key: persist.sys.timezone
[    1.584040][    T1] init_hook_I: cust prop white key: ro.carrier.name
[    1.584043][    T1] init_hook_I: cust prop white key: ro.miui.cust_variant
[    1.584046][    T1] init_hook_I: cust prop white key: ro.miui.region
[    1.584049][    T1] init_hook_I: cust prop white key: ro.product.locale.language
[    1.584051][    T1] init_hook_I: cust prop white key: ro.product.locale.region
[    1.584054][    T1] init_hook_I: cust prop white key: ro.miui.mcc
[    1.584057][    T1] init_hook_I: cust prop white key: ro.miui.mnc
[    1.584060][    T1] init_hook_I: cust prop white key: ro.com.android.mobiledata
[    1.584062][    T1] init_hook_I: cust prop white key: ro.build.hardware.version
[    1.584064][    T1] init_hook_I: cust prop white key: ro.com.google.clientidbase
[    1.584066][    T1] init_hook_I: cust prop white key: ro.com.google.clientidbase.ms
[    1.584069][    T1] init_hook_I: cust prop white key: ro.miui.cts
[    1.584071][    T1] init_hook_I: cust prop white key: ro.miui.customized.region
[    1.584073][    T1] init_hook_I: cust prop white key: ro.miui.customized_clientid
[    1.584075][    T1] init_hook_I: cust prop white key: ro.miui.singlesim
[    1.584077][    T1] init_hook_I: cust prop white key: ro.com.google.rlz_ap_whitelist
[    1.584080][    T1] init_hook_I: cust prop white key: ro.com.google.rlzbrandcode
[    1.584082][    T1] init_hook_I: cust prop white key: persist.miui.density_v2
[    1.584084][    T1] init_hook_I: cust prop white key: ro.miui.cta
[    1.584086][    T1] init_hook_I: cust prop white key: ro.miui.cust_hardware
[    1.584088][    T1] init_hook_I: cust prop white key: persist.sys.miui_optimization
[    1.584090][    T1] init_hook_I: cust prop white key: ro.vendor.miui.cust_variant
[    1.584093][    T1] init_hook_I: cust prop white key: ro.vendor.miui.region
[    1.584095][    T1] init_hook_I: cust prop white key: ro.vendor.miui.mcc
[    1.584097][    T1] init_hook_I: cust prop white key: ro.vendor.miui.mnc
[    1.584099][    T1] init_hook_I: cust prop white key: ro.vendor.miui.cts
[    1.584101][    T1] init_hook_I: cust prop white key: ro.vendor.miui.customized.region
[    1.584104][    T1] init_hook_I: cust prop white key: ro.vendor.miui.customized_clientid
[    1.584106][    T1] init_hook_I: cust prop white key: ro.vendor.miui.singlesim
[    1.584108][    T1] init_hook_I: cust prop white key: ro.vendor.miui.cta
[    1.584110][    T1] init_hook_I: cust prop white key: ro.vendor.miui.cust_hardware
[    1.584112][    T1] init_hook_I: cust prop white key: ro.miui.enterprise.licence
[    1.584114][    T1] init_hook_I: cust prop white key: persist.sys.ent_activated
[    1.584117][    T1] init_hook_I: cust prop white key: ro.facebook.partnerid
[    1.585354][    T1] init: ro.ai.os.version.code should not be set as cust prop
[    1.585360][    T1] init: ro.ai.transparent.sandbox.enabled should not be set as cust prop
[    1.585363][    T1] init: ro.product.mod_device should not be set as cust prop
[    1.585366][    T1] init: ro.ai.os.version.name should not be set as cust prop
[    1.585369][    T1] init: ro.miui.build.region should not be set as cust prop
[    1.585372][    T1] init: ro.mi.os.flavor should not be set as cust prop
